Archive member included to satisfy reference by file (symbol)

OpenJADE\out\preamp1\x86\lib\Baf\Baf.lib(BAF.o)
                              OpenJADE\out\preamp1\x86\obj\app\Baf\Baf\OJSP.o (BAF_resource)
OpenJADE\out\preamp1\x86\lib\Baf\Baf.lib(Error.o)
                              OpenJADE\out\preamp1\x86\lib\Baf\Baf.lib(BAF.o) (Error_print)
OpenJADE\out\preamp1\x86\lib\Baf\Baf.lib(Framework_Builder.o)
                              OpenJADE\out\preamp1\x86\lib\Baf\Baf.lib(BAF.o) (Framework_Builder_init)
OpenJADE\out\preamp1\x86\lib\Baf\Baf.lib(Heap.o)
                              OpenJADE\out\preamp1\x86\lib\Baf\Baf.lib(BAF.o) (Heap_init)
OpenJADE\out\preamp1\x86\lib\Baf\Baf.lib(JFramework.o)
                              OpenJADE\out\preamp1\x86\lib\Baf\Baf.lib(BAF.o) (JFramework_thread_exec)
OpenJADE\out\preamp1\x86\lib\Baf\Baf.lib(JModule_Context.o)
                              OpenJADE\out\preamp1\x86\lib\Baf\Baf.lib(Framework_Builder.o) (JModule_Context_create)
OpenJADE\out\preamp1\x86\lib\Baf\Baf.lib(Logger.o)
                              OpenJADE\out\preamp1\x86\lib\Baf\Baf.lib(JFramework.o) (Logger_print)
OpenJADE\out\preamp1\x86\lib\Baf\Baf.lib(Module.o)
                              OpenJADE\out\preamp1\x86\lib\Baf\Baf.lib(Framework_Builder.o) (Module_get_process)
OpenJADE\out\preamp1\x86\lib\Baf\Baf.lib(Port.o)
                              OpenJADE\out\preamp1\x86\lib\Baf\Baf.lib(Framework_Builder.o) (Port_block_size)
OpenJADE\out\preamp1\x86\lib\Baf\Baf.lib(Ports.o)
                              OpenJADE\out\preamp1\x86\lib\Baf\Baf.lib(Framework_Builder.o) (Ports_compare_merge)
OpenJADE\out\preamp1\x86\lib\Baf\Baf.lib(Process.o)
                              OpenJADE\out\preamp1\x86\lib\Baf\Baf.lib(JFramework.o) (Process_exec)
OpenJADE\out\preamp1\x86\lib\Baf\Baf.lib(Process_Context.o)
                              OpenJADE\out\preamp1\x86\lib\Baf\Baf.lib(Framework_Builder.o) (Process_Context_get_port_in)
OpenJADE\out\preamp1\x86\lib\Baf\Baf.lib(Audio_Graph.o)
                              OpenJADE\out\preamp1\x86\lib\Baf\Baf.lib(BAF.o) (pBAF_obj)
OpenJADE\out\preamp1\x86\lib\Baf\Baf.lib(BasicAudio_Target.o)
                              OpenJADE\out\preamp1\x86\lib\Baf\Baf.lib(Audio_Graph.o) (BasicAudio_Target_step)
OpenJADE\out\preamp1\x86\lib\Baf\Baf.lib(BasicAudio_Target_BasicAudio0_TOP.o)
                              OpenJADE\out\preamp1\x86\lib\Baf\Baf.lib(BasicAudio_Target.o) (BasicAudio_Target_BasicAudio0)
OpenJADE\out\preamp1\x86\lib\Baf\Baf.lib(BasicAudio_Target_data.o)
                              OpenJADE\out\preamp1\x86\lib\Baf\Baf.lib(BasicAudio_Target.o) (BasicAudio_Target_ConstB)
OpenJADE\out\preamp1\x86\lib\Baf\Baf.lib(BasicAudio_Target_StructStaticInit.o)
                              OpenJADE\out\preamp1\x86\lib\Baf\Baf.lib(BasicAudio_Target.o) (BasicAudio_TargetBasicAudioBalanceSetRtcOut)
OpenJADE\out\preamp1\x86\lib\Baf\Baf.lib(BasicAudio_Target_TalariaAPI.o)
                              OpenJADE\out\preamp1\x86\lib\Baf\Baf.lib(Audio_Graph.o) (BasicAudio_Target_HandleAsdIdRequest)
OpenJADE\out\preamp1\x86\lib\Baf\Baf.lib(BasicAudio_Target_TOP_Access.o)
                              OpenJADE\out\preamp1\x86\lib\Baf\Baf.lib(BasicAudio_Target_TalariaAPI.o) (BasicAudio_Target_HandleTopRequest)
OpenJADE\out\preamp1\x86\lib\Baf\Baf.lib(BasicAudio_Target_RTC_NTF.o)
                              OpenJADE\out\preamp1\x86\lib\Baf\Baf.lib(BasicAudio_Target_TalariaAPI.o) (BasicAudio_Target_ServiceRtcNotifications)
OpenJADE\out\preamp1\x86\lib\Baf\Baf.lib(BasicAudio_Target_RTC_REQ_RSP.o)
                              OpenJADE\out\preamp1\x86\lib\Baf\Baf.lib(BasicAudio_Target_TalariaAPI.o) (BasicAudio_Target_HandleRtcRequest)
OpenJADE\out\preamp1\x86\lib\Baf\Baf.lib(BasicAudio_Target_SCH_API.o)
                              OpenJADE\out\preamp1\x86\lib\Baf\Baf.lib(BasicAudio_Target_RTC_REQ_RSP.o) (BasicAudio_Target_UseDispatchTable)
OpenJADE\out\preamp1\x86\lib\Platform\Baf\SIL.lib(oj_platform.o)
                              OpenJADE\out\preamp1\x86\obj\app\Baf\Integration_Example.o (platform_register_framework_init)
C:/MinGW64/mingw64-6.3.0/bin/../lib/gcc/x86_64-w64-mingw32/6.3.0/../../../../x86_64-w64-mingw32/lib/../lib32/libmingw32.a(lib32_libmingw32_a-atonexit.o)
                              C:/MinGW64/mingw64-6.3.0/bin/../lib/gcc/x86_64-w64-mingw32/6.3.0/32/crtbegin.o (atexit)
C:/MinGW64/mingw64-6.3.0/bin/../lib/gcc/x86_64-w64-mingw32/6.3.0/../../../../x86_64-w64-mingw32/lib/../lib32/libmingw32.a(lib32_libmingw32_a-gccmain.o)
                              C:/MinGW64/mingw64-6.3.0/bin/../lib/gcc/x86_64-w64-mingw32/6.3.0/../../../../x86_64-w64-mingw32/lib/../lib32/crt2.o (__main)
C:/MinGW64/mingw64-6.3.0/bin/../lib/gcc/x86_64-w64-mingw32/6.3.0/../../../../x86_64-w64-mingw32/lib/../lib32/libmingw32.a(lib32_libmingw32_a-natstart.o)
[...]
Memory Configuration

Name             Origin             Length             Attributes
*default*        0x0000000000000000 0xffffffffffffffff

Linker script and memory map

                0x0000000000400000                __image_base__ = 0x400000
                0x0000000000000000                __dll__ = 0x0
                0x0000000000400000                ___ImageBase = 0x400000
                0x0000000000001000                __section_alignment__ = 0x1000
                0x0000000000000200                __file_alignment__ = 0x200
                0x0000000000000004                __major_os_version__ = 0x4
                0x0000000000000000                __minor_os_version__ = 0x0
                0x0000000000000001                __major_image_version__ = 0x1
                0x0000000000000000                __minor_image_version__ = 0x0
                0x0000000000000004                __major_subsystem_version__ = 0x4
                0x0000000000000000                __minor_subsystem_version__ = 0x0
                0x0000000000000003                __subsystem__ = 0x3
                0x0000000000200000                __size_of_stack_reserve__ = 0x200000
                0x0000000000001000                __size_of_stack_commit__ = 0x1000
                0x0000000000100000                __size_of_heap_reserve__ = 0x100000
                0x0000000000001000                __size_of_heap_commit__ = 0x1000
                0x0000000000000000                __loader_flags__ = 0x0
                0x0000000000000000                __dll_characteristics__ = 0x0
LOAD C:/MinGW64/mingw64-6.3.0/bin/../lib/gcc/x86_64-w64-mingw32/6.3.0/../../../../x86_64-w64-mingw32/lib/../lib32/crt2.o
LOAD C:/MinGW64/mingw64-6.3.0/bin/../lib/gcc/x86_64-w64-mingw32/6.3.0/32/crtbegin.o
LOAD OpenJADE\out\preamp1\x86\obj\app\Baf\Baf\OJSP.o
LOAD OpenJADE\out\preamp1\x86\obj\app\Baf\Integration_Example.o
LOAD OpenJADE\out\preamp1\x86\lib\Baf\Baf.lib
LOAD OpenJADE\out\preamp1\x86\lib\Platform\Baf\SIL.lib
LOAD C:/MinGW64/mingw64-6.3.0/bin/../lib/gcc/x86_64-w64-mingw32/6.3.0/../../../../x86_64-w64-mingw32/lib/../lib32/libmingw32.a
LOAD C:/MinGW64/mingw64-6.3.0/bin/../lib/gcc/x86_64-w64-mingw32/6.3.0/32/libgcc.a
LOAD C:/MinGW64/mingw64-6.3.0/bin/../lib/gcc/x86_64-w64-mingw32/6.3.0/32/libgcc_eh.a
LOAD C:/MinGW64/mingw64-6.3.0/bin/../lib/gcc/x86_64-w64-mingw32/6.3.0/../../../../x86_64-w64-mingw32/lib/../lib32/libmoldname.a
LOAD C:/MinGW64/mingw64-6.3.0/bin/../lib/gcc/x86_64-w64-mingw32/6.3.0/../../../../x86_64-w64-mingw32/lib/../lib32/libmingwex.a
LOAD C:/MinGW64/mingw64-6.3.0/bin/../lib/gcc/x86_64-w64-mingw32/6.3.0/../../../../x86_64-w64-mingw32/lib/../lib32/libmsvcrt.a
LOAD C:/MinGW64/mingw64-6.3.0/bin/../lib/gcc/x86_64-w64-mingw32/6.3.0/../../../../x86_64-w64-mingw32/lib/../lib32/libpthread.dll.a
LOAD C:/MinGW64/mingw64-6.3.0/bin/../lib/gcc/x86_64-w64-mingw32/6.3.0/../../../../x86_64-w64-mingw32/lib/../lib32/libadvapi32.a
LOAD C:/MinGW64/mingw64-6.3.0/bin/../lib/gcc/x86_64-w64-mingw32/6.3.0/../../../../x86_64-w64-mingw32/lib/../lib32/libshell32.a
LOAD C:/MinGW64/mingw64-6.3.0/bin/../lib/gcc/x86_64-w64-mingw32/6.3.0/../../../../x86_64-w64-mingw32/lib/../lib32/libuser32.a
LOAD C:/MinGW64/mingw64-6.3.0/bin/../lib/gcc/x86_64-w64-mingw32/6.3.0/../../../../x86_64-w64-mingw32/lib/../lib32/libkernel32.a
LOAD C:/MinGW64/mingw64-6.3.0/bin/../lib/gcc/x86_64-w64-mingw32/6.3.0/../../../../x86_64-w64-mingw32/lib/../lib32/libiconv.a
LOAD C:/MinGW64/mingw64-6.3.0/bin/../lib/gcc/x86_64-w64-mingw32/6.3.0/../../../../x86_64-w64-mingw32/lib/../lib32/libmingw32.a
LOAD C:/MinGW64/mingw64-6.3.0/bin/../lib/gcc/x86_64-w64-mingw32/6.3.0/32/libgcc.a
LOAD C:/MinGW64/mingw64-6.3.0/bin/../lib/gcc/x86_64-w64-mingw32/6.3.0/32/libgcc_eh.a
LOAD C:/MinGW64/mingw64-6.3.0/bin/../lib/gcc/x86_64-w64-mingw32/6.3.0/../../../../x86_64-w64-mingw32/lib/../lib32/libmoldname.a
LOAD C:/MinGW64/mingw64-6.3.0/bin/../lib/gcc/x86_64-w64-mingw32/6.3.0/../../../../x86_64-w64-mingw32/lib/../lib32/libmingwex.a
LOAD C:/MinGW64/mingw64-6.3.0/bin/../lib/gcc/x86_64-w64-mingw32/6.3.0/../../../../x86_64-w64-mingw32/lib/../lib32/libmsvcrt.a
LOAD C:/MinGW64/mingw64-6.3.0/bin/../lib/gcc/x86_64-w64-mingw32/6.3.0/32/crtend.o
                0x0000000000000380                . = SIZEOF_HEADERS
                0x0000000000001000                . = ALIGN (__section_alignment__)

.text           0x0000000000401000     0xb800
 *(.init)
 *(.text)
 .text          0x0000000000401000      0x500 C:/MinGW64/mingw64-6.3.0/bin/../lib/gcc/x86_64-w64-mingw32/6.3.0/../../../../x86_64-w64-mingw32/lib/../lib32/crt2.o
                0x00000000004014c0                WinMainCRTStartup
                0x00000000004014e0                mainCRTStartup
 .text          0x0000000000401500       0x70 C:/MinGW64/mingw64-6.3.0/bin/../lib/gcc/x86_64-w64-mingw32/6.3.0/32/crtbegin.o
                0x0000000000401500                __gcc_register_frame
                0x0000000000401560                __gcc_deregister_frame
 .text          0x0000000000401570      0x434 OpenJADE\out\preamp1\x86\obj\app\Baf\Baf\OJSP.o
                0x0000000000401570                OJSP_notification
                0x000000000040159e                OJSP_control_service_message
                0x0000000000401619                OJSP_background_task
                0x000000000040161f                OJSP_notification_poll
                0x0000000000401677                OJSP_audio_service_tick
                0x00000000004016b2                BAF_Callback_post
                0x00000000004016d7                BAF_Callback_sys_process
                0x0000000000401784                BAF_Callback_sys_process_ctx
                0x0000000000401831                BAF_Callback_clock
                0x0000000000401848                BAF_Callback_post_mask
                0x000000000040184e                BAF_printf
                0x0000000000401874                OJSP_framework_init
                0x000000000040198e                OJSP_heap_log_buffer_size
                0x0000000000401998                OJSP_heap_log_buffer_addr
 .text          0x00000000004019a4       0xb0 OpenJADE\out\preamp1\x86\obj\app\Baf\Integration_Example.o
                0x00000000004019a4                main
 .text          0x0000000000401a54      0x71c OpenJADE\out\preamp1\x86\lib\Baf\Baf.lib(BAF.o)
                0x0000000000401a96                _BAF_Callback_sys_process_ctx
                0x0000000000401b1e                BAF_resource
                0x0000000000401b7e                BAF_create
                0x0000000000401b88                BAF_init
                0x0000000000401d60                BAF_exec
                0x0000000000401ef6                BAF_command
                0x0000000000401f9c                BAF_register_notify
                0x0000000000401fbd                BAF_schedule
                0x000000000040211a                BAF_version
                0x0000000000402124                BAF_logger_size
                0x000000000040212e                BAF_logger_addr
                0x0000000000402138                BAF_Register_post
                0x0000000000402153                BAF_Register_sys_process_ctx
 .text          0x0000000000402170       0x70 OpenJADE\out\preamp1\x86\lib\Baf\Baf.lib(Error.o)
                0x0000000000402170                Error_print
 .text          0x00000000004021e0      0xbc0 OpenJADE\out\preamp1\x86\lib\Baf\Baf.lib(Framework_Builder.o)
                0x00000000004021e0                Framework_Builder_get_framework
                0x00000000004021eb                Framework_Builder_init
                0x00000000004023a4                Framework_Builder_build_framework
                0x0000000000402564                Framework_Builder_resource
                0x0000000000402847                Framework_Builder_add_execution
                0x00000000004028fa                Framework_Builder_add_module
                0x00000000004029b9                Framework_Builder_add_buffer
                0x0000000000402b9b                Framework_Builder_add_connection
                0x0000000000402d5e                JModule_List_get_feature
 .text          0x0000000000402da0      0x170 OpenJADE\out\preamp1\x86\lib\Baf\Baf.lib(Heap.o)
                0x0000000000402da0                Heap_init
                0x0000000000402dc0                Heap_alloc
                0x0000000000402e3c                Heap_alloc_align
 .text          0x0000000000402f10     0x1608 OpenJADE\out\preamp1\x86\lib\Baf\Baf.lib(JFramework.o)
                0x0000000000402f10                JFramework_thread_exec
                0x0000000000402fe4                JFramework_init
                0x000000000040303e                JFramework_add_buffer
                0x00000000004030b3                JFramework_add_module
                0x000000000040316a                JFramework_add_execution
                0x000000000040327b                JFramework_get_buffer
                0x00000000004032d1                JFramework_command
                0x000000000040431c                JFramework_register_notify
                0x00000000004043ba                JFramework_notify
                0x00000000004043fc                JFramework_init_exec
                0x00000000004044b4                JFramework_get_module
 .text          0x0000000000404518      0x304 OpenJADE\out\preamp1\x86\lib\Baf\Baf.lib(JModule_Context.o)
                0x0000000000404518                JModule_Context_create
                0x000000000040454e                JModule_Context_alloc
                0x00000000004045a0                JModule_Context_create_
 .text          0x000000000040481c      0x7cc OpenJADE\out\preamp1\x86\lib\Baf\Baf.lib(Logger.o)
                0x000000000040481c                Logger_print
                0x00000000004048ee                Logger_print1
                0x00000000004049bc                Logger_msg
                0x0000000000404a7a                Logger_init
                0x0000000000404b0f                Logger_reset
                0x0000000000404b39                Logger_dump
                0x0000000000404df3                Logger_copy
                0x0000000000404ece                Logger_pull
 .text          0x0000000000404fe8      0x254 OpenJADE\out\preamp1\x86\lib\Baf\Baf.lib(Module.o)
                0x0000000000404fe8                Module_get_process
                0x0000000000405008                Module_get_process_context
                0x0000000000405027                Module_set_port_in_connection
                0x0000000000405131                Module_set_port_out_connection
 .text          0x000000000040523c      0x104 OpenJADE\out\preamp1\x86\lib\Baf\Baf.lib(Port.o)
                0x000000000040523c                Port_compare
                0x00000000004052d8                Port_setup
                0x0000000000405321                Port_block_size
 .text          0x0000000000405340      0x2fc OpenJADE\out\preamp1\x86\lib\Baf\Baf.lib(Ports.o)
                0x0000000000405340                Ports_compare_merge
 .text          0x000000000040563c      0x4c8 OpenJADE\out\preamp1\x86\lib\Baf\Baf.lib(Process.o)
                0x000000000040563c                Process_exec
                0x0000000000405ad6                Process_get_port_in
                0x0000000000405aec                Process_get_port_out
 .text          0x0000000000405b04       0x38 OpenJADE\out\preamp1\x86\lib\Baf\Baf.lib(Process_Context.o)
                0x0000000000405b04                Process_Context_get_port_in
                0x0000000000405b20                Process_Context_get_port_out
 .text          0x0000000000405b3c      0x298 OpenJADE\out\preamp1\x86\lib\Baf\Baf.lib(Audio_Graph.o)
                0x0000000000405bc4                Basicaudio_target_Init_IPC
 .text          0x0000000000405dd4     0x3060 OpenJADE\out\preamp1\x86\lib\Baf\Baf.lib(BasicAudio_Target.o)
                0x0000000000405dd4                RtcReqRsp_BasicAudioVolumeSet
                0x0000000000405e54                RtcNtfCheck_BasicAudioVolumeSet
                0x0000000000405e8e                RtcNtfPack_BasicAudioVolumeSet
                0x0000000000405ebf                RtcReqRsp_BasicAudioBalanceSet
                0x0000000000405f34                RtcNtfCheck_BasicAudioBalanceSet
                0x0000000000405fa2                RtcNtfPack_BasicAudioBalanceSet
                0x0000000000405fd3                RtcReqRsp_BasicAudioMuteSet
                0x0000000000406048                RtcNtfCheck_BasicAudioMuteSet
                0x0000000000406082                RtcNtfPack_BasicAudioMuteSet
                0x00000000004060b3                RtcReqRsp_BasicAudioBassSet
                0x0000000000406128                RtcNtfCheck_BasicAudioBassSet
                0x000000000040615b                RtcNtfPack_BasicAudioBassSet
                0x000000000040618c                RtcReqRsp_BasicAudioTrebleSet
                0x0000000000406201                RtcNtfCheck_BasicAudioTrebleSet
                0x0000000000406234                RtcNtfPack_BasicAudioTrebleSet
                0x0000000000406265                BasicAudio_Target_LockEnter
                0x000000000040626b                BasicAudio_Target_LockExit
                0x0000000000406271                BasicAudio_Target_SetDsm
                0x000000000040628b                BasicAudio_Target_control
                0x00000000004067b0                BasicAudio_Target_SetDsm1
                0x00000000004067ca                HandleReqBasicAudioBalanceSet
                0x0000000000406ba9                BasicAudio_Target_indextolinear
                0x0000000000406c1c                BasicAudio_Target_rampparameters
                0x0000000000406cf4                BasicAudio_Target_SetDsm_a
                0x0000000000406d0e                BasicAudio_Target_tonecontrol
                0x0000000000407198                BasicAudio_Target_SetDsm1_m
                0x00000000004071b2                HandleReqBasicAudioBassSet
                0x0000000000407277                BasicAudio_Target_tone
                0x00000000004075ac                HandleReqBasicAudioMuteSet
                0x00000000004077b2                BasicAudio_Target_SetDsm_l
                0x00000000004077cc                BasicAudio_Target_tonecontrol_o
                0x0000000000407c56                BasicAudio_Target_SetDsm1_f
                0x0000000000407c70                HandleReqBasicAudioTrebleSet
                0x0000000000407d35                BasicAudio_Target_tone_e
                0x000000000040806a                BasicAudio_Target_lookupdbfromindex
                0x000000000040832e                BasicAudio_Target_rampparameters_o
                0x00000000004083e5                BasicAudio_Target_SetDsm_f
                0x00000000004083ff                BasicAudio_Target_rgainyrampercontrol
                0x0000000000408582                BasicAudio_Target_SetDsm1_g
                0x000000000040859c                HandleReqBasicAudioVolumeSet
                0x0000000000408649                BasicAudio_Target_rgainyprocess
                0x0000000000408887                BasicAudio_Target_step
                0x0000000000408e20                BasicAudio_Target_initialize
                0x0000000000408e2d                BasicAudio_Target_terminate
 .text          0x0000000000408e34        0x0 OpenJADE\out\preamp1\x86\lib\Baf\Baf.lib(BasicAudio_Target_BasicAudio0_TOP.o)
 .text          0x0000000000408e34        0x0 OpenJADE\out\preamp1\x86\lib\Baf\Baf.lib(BasicAudio_Target_data.o)
 .text          0x0000000000408e34        0x0 OpenJADE\out\preamp1\x86\lib\Baf\Baf.lib(BasicAudio_Target_StructStaticInit.o)
 .text          0x0000000000408e34       0xf4 OpenJADE\out\preamp1\x86\lib\Baf\Baf.lib(BasicAudio_Target_TalariaAPI.o)
                0x0000000000408e34                BasicAudio_Target_HandleAsdIdRequest
                0x0000000000408efa                BasicAudio_Target_ServiceNotifications
 .text          0x0000000000408f28      0x3d8 OpenJADE\out\preamp1\x86\lib\Baf\Baf.lib(BasicAudio_Target_TOP_Access.o)
                0x00000000004090b1                BasicAudio_Target_HandleTopRequest
 .text          0x0000000000409300      0x140 OpenJADE\out\preamp1\x86\lib\Baf\Baf.lib(BasicAudio_Target_RTC_NTF.o)
                0x0000000000409300                BasicAudio_Target_ServiceRtcNotifications
 .text          0x0000000000409440       0x5c OpenJADE\out\preamp1\x86\lib\Baf\Baf.lib(BasicAudio_Target_RTC_REQ_RSP.o)
                0x0000000000409440                BasicAudio_Target_HandleRtcRequest
 .text          0x000000000040949c      0x394 OpenJADE\out\preamp1\x86\lib\Baf\Baf.lib(BasicAudio_Target_SCH_API.o)
                0x000000000040949c                SchReqRsp_GetTalariaVersion1
                0x000000000040951c                SchReqRsp_GetTopCompatHash1
                0x0000000000409555                SchReqRsp_GetTspCompatHash1
                0x000000000040958e                SchReqRsp_GetRtcCompatHash1
                0x000000000040967b                BasicAudio_Target_UseDispatchTable
                0x00000000004097ea                BasicAudio_Target_HandleSchRequest
 .text          0x0000000000409830      0xcd0 OpenJADE\out\preamp1\x86\lib\Platform\Baf\SIL.lib(oj_platform.o)
                0x0000000000409842                platform_register_framework_init
                0x0000000000409859                platform_register_audio_service_tick
                0x0000000000409871                platform_register_control_service_message
                0x0000000000409889                platform_register_notification_poll
                0x00000000004098a1                platform_add_background_task
                0x00000000004098ed                platform_remove_background_task
                0x000000000040993b                platform_clear_background_tasks
                0x000000000040996d                platform_vprintf
                0x0000000000409987                platform_printf
                0x00000000004099ad                xmit_control_service_request
                0x0000000000409a2c                xmit_control_service_response
                0x0000000000409ab4                xmit_control_service_error
                0x0000000000409aee                platform_send_notification
                0x0000000000409b2e                platform_rcv_input_buffer
                0x0000000000409b93                platform_xmt_output_buffer
                0x0000000000409c4a                read_control_line
                0x0000000000409d90                set_next_control_frame
                0x0000000000409e0e                platform_poll_control_service_message
                0x0000000000409f57                platform_print_usage
                0x0000000000409f75                set_run_parameters
                0x000000000040a354                platform_init
                0x000000000040a36e                platform_get_handle
                0x000000000040a378                platform_main
                0x000000000040a486                platform_close
 .text          0x000000000040a500       0xe0 C:/MinGW64/mingw64-6.3.0/bin/../lib/gcc/x86_64-w64-mingw32/6.3.0/../../../../x86_64-w64-mingw32/lib/../lib32/libmingw32.a(lib32_libmingw32_a-atonexit.o)
                0x000000000040a500                mingw_onexit
                0x000000000040a5c0                atexit
 .text          0x000000000040a5e0       0xa0 C:/MinGW64/mingw64-6.3.0/bin/../lib/gcc/x86_64-w64-mingw32/6.3.0/../../../../x86_64-w64-mingw32/lib/../lib32/libmingw32.a(lib32_libmingw32_a-gccmain.o)
                0x000000000040a5e0                __do_global_dtors
                0x000000000040a610                __do_global_ctors
                0x000000000040a660                __main
 .text          0x000000000040a680        0x0 C:/MinGW64/mingw64-6.3.0/bin/../lib/gcc/x86_64-w64-mingw32/6.3.0/../../../../x86_64-w64-mingw32/lib/../lib32/libmingw32.a(lib32_libmingw32_a-natstart.o)
 .text          0x000000000040a680        0x0 C:/MinGW64/mingw64-6.3.0/bin/../lib/gcc/x86_64-w64-mingw32/6.3.0/../../../../x86_64-w64-mingw32/lib/../lib32/libmingw32.a(lib32_libmingw32_a-wildcard.o)
 .text          0x000000000040a680       0x10 C:/MinGW64/mingw64-6.3.0/bin/../lib/gcc/x86_64-w64-mingw32/6.3.0/../../../../x86_64-w64-mingw32/lib/../lib32/libmingw32.a(lib32_libmingw32_a-charmax.o)
 .text          0x000000000040a690       0x10 C:/MinGW64/mingw64-6.3.0/bin/../lib/gcc/x86_64-w64-mingw32/6.3.0/../../../../x86_64-w64-mingw32/lib/../lib32/libmingw32.a(lib32_libmingw32_a-dllargv.o)
                0x000000000040a690                _setargv
 .text          0x000000000040a6a0      0x140 C:/MinGW64/mingw64-6.3.0/bin/../lib/gcc/x86_64-w64-mingw32/6.3.0/../../../../x86_64-w64-mingw32/lib/../lib32/libmingw32.a(lib32_libmingw32_a-gs_support.o)
                0x000000000040a6a0                __security_init_cookie
                0x000000000040a750                __report_gsfailure
 .text          0x000000000040a7e0        0x0 C:/MinGW64/mingw64-6.3.0/bin/../lib/gcc/x86_64-w64-mingw32/6.3.0/../../../../x86_64-w64-mingw32/lib/../lib32/libmingw32.a(lib32_libmingw32_a-_newmode.o)
 .text          0x000000000040a7e0       0xe0 C:/MinGW64/mingw64-6.3.0/bin/../lib/gcc/x86_64-w64-mingw32/6.3.0/../../../../x86_64-w64-mingw32/lib/../lib32/libmingw32.a(lib32_libmingw32_a-tlssup.o)
                0x000000000040a830                __dyn_tls_init@12
                0x000000000040a8b0                __tlregdtor
 .text          0x000000000040a8c0        0x0 C:/MinGW64/mingw64-6.3.0/bin/../lib/gcc/x86_64-w64-mingw32/6.3.0/../../../../x86_64-w64-mingw32/lib/../lib32/libmingw32.a(lib32_libmingw32_a-cinitexe.o)
 .text          0x000000000040a8c0       0xc0 C:/MinGW64/mingw64-6.3.0/bin/../lib/gcc/x86_64-w64-mingw32/6.3.0/../../../../x86_64-w64-mingw32/lib/../lib32/libmingw32.a(lib32_libmingw32_a-merr.o)
                0x000000000040a8c0                __mingw_raise_matherr
                0x000000000040a910                __mingw_setusermatherr
                0x000000000040a920                _matherr
 .text          0x000000000040a980       0x10 C:/MinGW64/mingw64-6.3.0/bin/../lib/gcc/x86_64-w64-mingw32/6.3.0/../../../../x86_64-w64-mingw32/lib/../lib32/libmingw32.a(lib32_libmingw32_a-CRT_fp10.o)
                0x000000000040a980                fpreset
                0x000000000040a980                _fpreset
 .text          0x000000000040a990       0x20 C:/MinGW64/mingw64-6.3.0/bin/../lib/gcc/x86_64-w64-mingw32/6.3.0/../../../../x86_64-w64-mingw32/lib/../lib32/libmingw32.a(lib32_libmingw32_a-mingw_helpers.o)
                0x000000000040a990                _decode_pointer
                0x000000000040a9a0                _encode_pointer
 .text          0x000000000040a9b0      0x470 C:/MinGW64/mingw64-6.3.0/bin/../lib/gcc/x86_64-w64-mingw32/6.3.0/../../../../x86_64-w64-mingw32/lib/../lib32/libmingw32.a(lib32_libmingw32_a-pseudo-reloc.o)
                0x000000000040ab50                _pei386_runtime_relocator
 .text          0x000000000040ae20        0x0 C:/MinGW64/mingw64-6.3.0/bin/../lib/gcc/x86_64-w64-mingw32/6.3.0/../../../../x86_64-w64-mingw32/lib/../lib32/libmingw32.a(lib32_libmingw32_a-xtxtmode.o)
 .text          0x000000000040ae20      0x1b0 C:/MinGW64/mingw64-6.3.0/bin/../lib/gcc/x86_64-w64-mingw32/6.3.0/../../../../x86_64-w64-mingw32/lib/../lib32/libmingw32.a(lib32_libmingw32_a-crt_handler.o)
                0x000000000040ae20                _gnu_exception_handler@4
 .text          0x000000000040afd0      0x280 C:/MinGW64/mingw64-6.3.0/bin/../lib/gcc/x86_64-w64-mingw32/6.3.0/../../../../x86_64-w64-mingw32/lib/../lib32/libmingw32.a(lib32_libmingw32_a-tlsthrd.o)
                0x000000000040b040                ___w64_mingwthr_add_key_dtor
                0x000000000040b0d0                ___w64_mingwthr_remove_key_dtor
                0x000000000040b170                __mingw_TLScallback
 .text          0x000000000040b250        0x0 C:/MinGW64/mingw64-6.3.0/bin/../lib/gcc/x86_64-w64-mingw32/6.3.0/../../../../x86_64-w64-mingw32/lib/../lib32/libmingw32.a(lib32_libmingw32_a-tlsmcrt.o)
 .text          0x000000000040b250        0x0 C:/MinGW64/mingw64-6.3.0/bin/../lib/gcc/x86_64-w64-mingw32/6.3.0/../../../../x86_64-w64-mingw32/lib/../lib32/libmingw32.a(lib32_libmingw32_a-pseudo-reloc-list.o)
 .text          0x000000000040b250      0x380 C:/MinGW64/mingw64-6.3.0/bin/../lib/gcc/x86_64-w64-mingw32/6.3.0/../../../../x86_64-w64-mingw32/lib/../lib32/libmingw32.a(lib32_libmingw32_a-pesect.o)
                0x000000000040b270                _ValidateImageBase
                0x000000000040b290                _FindPESection
                0x000000000040b2d0                _FindPESectionByName
                0x000000000040b360                __mingw_GetSectionForAddress
                0x000000000040b3d0                __mingw_GetSectionCount
                0x000000000040b400                _FindPESectionExec
                0x000000000040b470                _GetPEImageBase
                0x000000000040b4a0                _IsNonwritableInCurrentImage
                0x000000000040b520                __mingw_enum_import_library_names
 .text          0x000000000040b5d0       0x2c C:/MinGW64/mingw64-6.3.0/bin/../lib/gcc/x86_64-w64-mingw32/6.3.0/32/libgcc.a(_chkstk_ms.o)
                0x000000000040b5d0                __chkstk_ms
 .text          0x000000000040b5fc        0x0 C:/MinGW64/mingw64-6.3.0/bin/../lib/gcc/x86_64-w64-mingw32/6.3.0/32/libgcc.a(_ctors.o)
 .text          0x000000000040b5fc       0x2c C:/MinGW64/mingw64-6.3.0/bin/../lib/gcc/x86_64-w64-mingw32/6.3.0/../../../../x86_64-w64-mingw32/lib/../lib32/libmingwex.a(lib32_libmingwex_a-ceilf.o)
                0x000000000040b5fc                ceilf
 *fill*         0x000000000040b628        0x8 
 .text          0x000000000040b630       0x20 C:/MinGW64/mingw64-6.3.0/bin/../lib/gcc/x86_64-w64-mingw32/6.3.0/../../../../x86_64-w64-mingw32/lib/../lib32/libmingwex.a(lib32_libmingwex_a-expf.o)
                0x000000000040b630                expf
 .text          0x000000000040b650       0x30 C:/MinGW64/mingw64-6.3.0/bin/../lib/gcc/x86_64-w64-mingw32/6.3.0/../../../../x86_64-w64-mingw32/lib/../lib32/libmingwex.a(lib32_libmingwex_a-fmaxf.o)
                0x000000000040b650                fmaxf
 .text          0x000000000040b680       0x30 C:/MinGW64/mingw64-6.3.0/bin/../lib/gcc/x86_64-w64-mingw32/6.3.0/../../../../x86_64-w64-mingw32/lib/../lib32/libmingwex.a(lib32_libmingwex_a-fminf.o)
                0x000000000040b680                fminf
 .text          0x000000000040b6b0       0x20 C:/MinGW64/mingw64-6.3.0/bin/../lib/gcc/x86_64-w64-mingw32/6.3.0/../../../../x86_64-w64-mingw32/lib/../lib32/libmingwex.a(lib32_libmingwex_a-log10f.o)
                0x000000000040b6b0                log10f
 .text          0x000000000040b6d0       0x20 C:/MinGW64/mingw64-6.3.0/bin/../lib/gcc/x86_64-w64-mingw32/6.3.0/../../../../x86_64-w64-mingw32/lib/../lib32/libmingwex.a(lib32_libmingwex_a-logf.o)
                0x000000000040b6d0                logf
 .text          0x000000000040b6f0       0x30 C:/MinGW64/mingw64-6.3.0/bin/../lib/gcc/x86_64-w64-mingw32/6.3.0/../../../../x86_64-w64-mingw32/lib/../lib32/libmingwex.a(lib32_libmingwex_a-powf.o)
                0x000000000040b6f0                powf
 .text          0x000000000040b720       0x70 C:/MinGW64/mingw64-6.3.0/bin/../lib/gcc/x86_64-w64-mingw32/6.3.0/../../../../x86_64-w64-mingw32/lib/../lib32/libmingwex.a(lib32_libmingwex_a-roundf.o)
                0x000000000040b720                roundf
 .text          0x000000000040b790      0x120 C:/MinGW64/mingw64-6.3.0/bin/../lib/gcc/x86_64-w64-mingw32/6.3.0/../../../../x86_64-w64-mingw32/lib/../lib32/libmingwex.a(lib32_libmingwex_a-sqrtf.o)
                0x000000000040b790                sqrtf
 .text          0x000000000040b8b0        0x0 C:/MinGW64/mingw64-6.3.0/bin/../lib/gcc/x86_64-w64-mingw32/6.3.0/../../../../x86_64-w64-mingw32/lib/../lib32/libmingwex.a(lib32_libmingwex_a-mingw_matherr.o)
 .text          0x000000000040b8b0      0x1e0 C:/MinGW64/mingw64-6.3.0/bin/../lib/gcc/x86_64-w64-mingw32/6.3.0/../../../../x86_64-w64-mingw32/lib/../lib32/libmingwex.a(lib32_libmingwex_a-exp.o)
                0x000000000040b8b0                exp
 .text          0x000000000040ba90      0x110 C:/MinGW64/mingw64-6.3.0/bin/../lib/gcc/x86_64-w64-mingw32/6.3.0/../../../../x86_64-w64-mingw32/lib/../lib32/libmingwex.a(lib32_libmingwex_a-log.o)
                0x000000000040ba90                log
 .text          0x000000000040bba0      0x740 C:/MinGW64/mingw64-6.3.0/bin/../lib/gcc/x86_64-w64-mingw32/6.3.0/../../../../x86_64-w64-mingw32/lib/../lib32/libmingwex.a(lib32_libmingwex_a-pow.o)
                0x000000000040bba0                pow
 .text          0x000000000040c2e0      0x240 C:/MinGW64/mingw64-6.3.0/bin/../lib/gcc/x86_64-w64-mingw32/6.3.0/../../../../x86_64-w64-mingw32/lib/../lib32/libmingwex.a(lib32_libmingwex_a-powi.o)
                0x000000000040c2e0                __powi
 .text          0x000000000040c520       0x50 C:/MinGW64/mingw64-6.3.0/bin/../lib/gcc/x86_64-w64-mingw32/6.3.0/../../../../x86_64-w64-mingw32/lib/../lib32/libmingwex.a(lib32_libmingwex_a-exp2l.o)
                0x000000000040c520                exp2l
 .text          0x000000000040c570       0x3c C:/MinGW64/mingw64-6.3.0/bin/../lib/gcc/x86_64-w64-mingw32/6.3.0/../../../../x86_64-w64-mingw32/lib/../lib32/libmingwex.a(lib32_libmingwex_a-internal_logl.o)
                0x000000000040c580                __logl_internal
 *fill*         0x000000000040c5ac        0x4 
 .text          0x000000000040c5b0       0x90 C:/MinGW64/mingw64-6.3.0/bin/../lib/gcc/x86_64-w64-mingw32/6.3.0/../../../../x86_64-w64-mingw32/lib/../lib32/libmingwex.a(lib32_libmingwex_a-ldexp.o)
                0x000000000040c5b0                ldexp
 .text          0x000000000040c640       0x48 C:/MinGW64/mingw64-6.3.0/bin/../lib/gcc/x86_64-w64-mingw32/6.3.0/../../../../x86_64-w64-mingw32/lib/../lib32/libmingwex.a(lib32_libmingwex_a-log2l.o)
                0x000000000040c650                log2l
 .text          0x000000000040c688        0x8 C:/MinGW64/mingw64-6.3.0/bin/../lib/gcc/x86_64-w64-mingw32/6.3.0/../../../../x86_64-w64-mingw32/lib/../lib32/libmsvcrt.a(dakes01258.o)
                0x000000000040c688                vprintf
 .text          0x000000000040c690        0x8 C:/MinGW64/mingw64-6.3.0/bin/../lib/gcc/x86_64-w64-mingw32/6.3.0/../../../../x86_64-w64-mingw32/lib/../lib32/libmsvcrt.a(dakes01254.o)
                0x000000000040c690                vfprintf
 .text          0x000000000040c698        0x8 C:/MinGW64/mingw64-6.3.0/bin/../lib/gcc/x86_64-w64-mingw32/6.3.0/../../../../x86_64-w64-mingw32/lib/../lib32/libmsvcrt.a(dakes01221.o)
                0x000000000040c698                strncmp
 .text          0x000000000040c6a0        0x8 C:/MinGW64/mingw64-6.3.0/bin/../lib/gcc/x86_64-w64-mingw32/6.3.0/../../../../x86_64-w64-mingw32/lib/../lib32/libmsvcrt.a(dakes01218.o)
                0x000000000040c6a0                strlen
 .text          0x000000000040c6a8        0x8 C:/MinGW64/mingw64-6.3.0/bin/../lib/gcc/x86_64-w64-mingw32/6.3.0/../../../../x86_64-w64-mingw32/lib/../lib32/libmsvcrt.a(dakes01200.o)
                0x000000000040c6a8                signal
 .text          0x000000000040c6b0        0x8 C:/MinGW64/mingw64-6.3.0/bin/../lib/gcc/x86_64-w64-mingw32/6.3.0/../../../../x86_64-w64-mingw32/lib/../lib32/libmsvcrt.a(dakes01175.o)
                0x000000000040c6b0                memset
 .text          0x000000000040c6b8        0x8 C:/MinGW64/mingw64-6.3.0/bin/../lib/gcc/x86_64-w64-mingw32/6.3.0/../../../../x86_64-w64-mingw32/lib/../lib32/libmsvcrt.a(dakes01172.o)
                0x000000000040c6b8                memcpy
 .text          0x000000000040c6c0        0x8 C:/MinGW64/mingw64-6.3.0/bin/../lib/gcc/x86_64-w64-mingw32/6.3.0/../../../../x86_64-w64-mingw32/lib/../lib32/libmsvcrt.a(dakes01164.o)
                0x000000000040c6c0                malloc
 .text          0x000000000040c6c8        0x8 C:/MinGW64/mingw64-6.3.0/bin/../lib/gcc/x86_64-w64-mingw32/6.3.0/../../../../x86_64-w64-mingw32/lib/../lib32/libmsvcrt.a(dakes01162.o)
                0x000000000040c6c8                log10
 .text          0x000000000040c6d0        0x8 C:/MinGW64/mingw64-6.3.0/bin/../lib/gcc/x86_64-w64-mingw32/6.3.0/../../../../x86_64-w64-mingw32/lib/../lib32/libmsvcrt.a(dakes01117.o)
                0x000000000040c6d0                fwrite
 .text          0x000000000040c6d8        0x8 C:/MinGW64/mingw64-6.3.0/bin/../lib/gcc/x86_64-w64-mingw32/6.3.0/../../../../x86_64-w64-mingw32/lib/../lib32/libmsvcrt.a(dakes01105.o)
                0x000000000040c6d8                free
 .text          0x000000000040c6e0        0x8 C:/MinGW64/mingw64-6.3.0/bin/../lib/gcc/x86_64-w64-mingw32/6.3.0/../../../../x86_64-w64-mingw32/lib/../lib32/libmsvcrt.a(dakes01104.o)
                0x000000000040c6e0                fread
 .text          0x000000000040c6e8        0x8 C:/MinGW64/mingw64-6.3.0/bin/../lib/gcc/x86_64-w64-mingw32/6.3.0/../../../../x86_64-w64-mingw32/lib/../lib32/libmsvcrt.a(dakes01100.o)
                0x000000000040c6e8                fputc
 .text          0x000000000040c6f0        0x8 C:/MinGW64/mingw64-6.3.0/bin/../lib/gcc/x86_64-w64-mingw32/6.3.0/../../../../x86_64-w64-mingw32/lib/../lib32/libmsvcrt.a(dakes01098.o)
                0x000000000040c6f0                fprintf
 .text          0x000000000040c6f8        0x8 C:/MinGW64/mingw64-6.3.0/bin/../lib/gcc/x86_64-w64-mingw32/6.3.0/../../../../x86_64-w64-mingw32/lib/../lib32/libmsvcrt.a(dakes01096.o)
                0x000000000040c6f8                fopen
 .text          0x000000000040c700        0x8 C:/MinGW64/mingw64-6.3.0/bin/../lib/gcc/x86_64-w64-mingw32/6.3.0/../../../../x86_64-w64-mingw32/lib/../lib32/libmsvcrt.a(dakes01091.o)
                0x000000000040c700                fgets
 .text          0x000000000040c708        0x8 C:/MinGW64/mingw64-6.3.0/bin/../lib/gcc/x86_64-w64-mingw32/6.3.0/../../../../x86_64-w64-mingw32/lib/../lib32/libmsvcrt.a(dakes01086.o)
                0x000000000040c708                feof
 .text          0x000000000040c710        0x8 C:/MinGW64/mingw64-6.3.0/bin/../lib/gcc/x86_64-w64-mingw32/6.3.0/../../../../x86_64-w64-mingw32/lib/../lib32/libmsvcrt.a(dakes01085.o)
                0x000000000040c710                fclose
 .text          0x000000000040c718        0x8 C:/MinGW64/mingw64-6.3.0/bin/../lib/gcc/x86_64-w64-mingw32/6.3.0/../../../../x86_64-w64-mingw32/lib/../lib32/libmsvcrt.a(dakes01082.o)
                0x000000000040c718                exit
 .text          0x000000000040c720        0x8 C:/MinGW64/mingw64-6.3.0/bin/../lib/gcc/x86_64-w64-mingw32/6.3.0/../../../../x86_64-w64-mingw32/lib/../lib32/libmsvcrt.a(dakes01071.o)
                0x000000000040c720                calloc
 .text          0x000000000040c728        0x8 C:/MinGW64/mingw64-6.3.0/bin/../lib/gcc/x86_64-w64-mingw32/6.3.0/../../../../x86_64-w64-mingw32/lib/../lib32/libmsvcrt.a(dakes01057.o)
                0x000000000040c728                abort
 .text          0x000000000040c730        0x8 C:/MinGW64/mingw64-6.3.0/bin/../lib/gcc/x86_64-w64-mingw32/6.3.0/../../../../x86_64-w64-mingw32/lib/../lib32/libmsvcrt.a(dakes00844.o)
                0x000000000040c730                _unlock
 .text          0x000000000040c738        0x0 C:/MinGW64/mingw64-6.3.0/bin/../lib/gcc/x86_64-w64-mingw32/6.3.0/../../../../x86_64-w64-mingw32/lib/../lib32/libmsvcrt.a(dakes00629.o)
 .text          0x000000000040c738        0x8 C:/MinGW64/mingw64-6.3.0/bin/../lib/gcc/x86_64-w64-mingw32/6.3.0/../../../../x86_64-w64-mingw32/lib/../lib32/libmsvcrt.a(dakes00458.o)
                0x000000000040c738                _lock
 .text          0x000000000040c740        0x0 C:/MinGW64/mingw64-6.3.0/bin/../lib/gcc/x86_64-w64-mingw32/6.3.0/../../../../x86_64-w64-mingw32/lib/../lib32/libmsvcrt.a(dakes00356.o)
 .text          0x000000000040c740        0x8 C:/MinGW64/mingw64-6.3.0/bin/../lib/gcc/x86_64-w64-mingw32/6.3.0/../../../../x86_64-w64-mingw32/lib/../lib32/libmsvcrt.a(dakes00352.o)
                0x000000000040c740                _initterm
 .text          0x000000000040c748        0x0 C:/MinGW64/mingw64-6.3.0/bin/../lib/gcc/x86_64-w64-mingw32/6.3.0/../../../../x86_64-w64-mingw32/lib/../lib32/libmsvcrt.a(dakes00275.o)
 .text          0x000000000040c748        0x8 C:/MinGW64/mingw64-6.3.0/bin/../lib/gcc/x86_64-w64-mingw32/6.3.0/../../../../x86_64-w64-mingw32/lib/../lib32/libmsvcrt.a(dakes00222.o)
                0x000000000040c748                _errno
 .text          0x000000000040c750        0x8 C:/MinGW64/mingw64-6.3.0/bin/../lib/gcc/x86_64-w64-mingw32/6.3.0/../../../../x86_64-w64-mingw32/lib/../lib32/libmsvcrt.a(dakes00161.o)
                0x000000000040c750                _cexit
 .text          0x000000000040c758        0x8 C:/MinGW64/mingw64-6.3.0/bin/../lib/gcc/x86_64-w64-mingw32/6.3.0/../../../../x86_64-w64-mingw32/lib/../lib32/libmsvcrt.a(dakes00144.o)
                0x000000000040c758                _amsg_exit
 .text          0x000000000040c760        0x0 C:/MinGW64/mingw64-6.3.0/bin/../lib/gcc/x86_64-w64-mingw32/6.3.0/../../../../x86_64-w64-mingw32/lib/../lib32/libmsvcrt.a(dakes00123.o)
 .text          0x000000000040c760        0x8 C:/MinGW64/mingw64-6.3.0/bin/../lib/gcc/x86_64-w64-mingw32/6.3.0/../../../../x86_64-w64-mingw32/lib/../lib32/libmsvcrt.a(dakes00107.o)
                0x000000000040c760                __setusermatherr
 .text          0x000000000040c768        0x8 C:/MinGW64/mingw64-6.3.0/bin/../lib/gcc/x86_64-w64-mingw32/6.3.0/../../../../x86_64-w64-mingw32/lib/../lib32/libmsvcrt.a(dakes00104.o)
                0x000000000040c768                __set_app_type
 .text          0x000000000040c770        0x0 C:/MinGW64/mingw64-6.3.0/bin/../lib/gcc/x86_64-w64-mingw32/6.3.0/../../../../x86_64-w64-mingw32/lib/../lib32/libmsvcrt.a(dakes00059.o)
 .text          0x000000000040c770        0x8 C:/MinGW64/mingw64-6.3.0/bin/../lib/gcc/x86_64-w64-mingw32/6.3.0/../../../../x86_64-w64-mingw32/lib/../lib32/libmsvcrt.a(dakes00058.o)
                0x000000000040c770                __getmainargs
 .text          0x000000000040c778        0x8 C:/MinGW64/mingw64-6.3.0/bin/../lib/gcc/x86_64-w64-mingw32/6.3.0/../../../../x86_64-w64-mingw32/lib/../lib32/libmsvcrt.a(dakes00055.o)
                0x000000000040c778                __dllonexit
 .text          0x000000000040c780       0x20 C:/MinGW64/mingw64-6.3.0/bin/../lib/gcc/x86_64-w64-mingw32/6.3.0/../../../../x86_64-w64-mingw32/lib/../lib32/libmsvcrt.a(lib32_libmsvcrt_a-invalid_parameter_handler.o)
                0x000000000040c780                _get_invalid_parameter_handler
                0x000000000040c790                _set_invalid_parameter_handler
 .text          0x000000000040c7a0        0x0 C:/MinGW64/mingw64-6.3.0/bin/../lib/gcc/x86_64-w64-mingw32/6.3.0/../../../../x86_64-w64-mingw32/lib/../lib32/libmsvcrt.a(dakeh.o)
 .text          0x000000000040c7a0        0x0 C:/MinGW64/mingw64-6.3.0/bin/../lib/gcc/x86_64-w64-mingw32/6.3.0/../../../../x86_64-w64-mingw32/lib/../lib32/libmsvcrt.a(daket.o)
 .text          0x000000000040c7a0        0x0 C:/MinGW64/mingw64-6.3.0/bin/../lib/gcc/x86_64-w64-mingw32/6.3.0/../../../../x86_64-w64-mingw32/lib/../lib32/libkernel32.a(dkzdh.o)
 .text          0x000000000040c7a0        0x0 C:/MinGW64/mingw64-6.3.0/bin/../lib/gcc/x86_64-w64-mingw32/6.3.0/../../../../x86_64-w64-mingw32/lib/../lib32/libkernel32.a(dkzdt.o)
 .text          0x000000000040c7a0        0x0 C:/MinGW64/mingw64-6.3.0/bin/../lib/gcc/x86_64-w64-mingw32/6.3.0/32/crtend.o
 *(SORT(.text$*))
 *(.text.*)
 .text.startup  0x000000000040c7a0       0x10 C:/MinGW64/mingw64-6.3.0/bin/../lib/gcc/x86_64-w64-mingw32/6.3.0/32/crtend.o
 *(.gnu.linkonce.t.*)
 *(.glue_7t)
 *(.glue_7)
                0x000000000040c7b0                ___CTOR_LIST__ = .
                0x000000000040c7b0                __CTOR_LIST__ = .
                0x000000000040c7b0        0x4 LONG 0xffffffffffffffff
 *(.ctors)
 *(.ctor)
 *(SORT(.ctors.*))
 .ctors.65535   0x000000000040c7b4        0x4 C:/MinGW64/mingw64-6.3.0/bin/../lib/gcc/x86_64-w64-mingw32/6.3.0/32/crtend.o
                0x000000000040c7b8        0x4 LONG 0x0
                0x000000000040c7bc                ___DTOR_LIST__ = .
                0x000000000040c7bc                __DTOR_LIST__ = .
                0x000000000040c7bc        0x4 LONG 0xffffffffffffffff
 *(.dtors)
 *(.dtor)
 *(SORT(.dtors.*))
                0x000000000040c7c0        0x4 LONG 0x0
 *(.fini)
 *(.gcc_exc)
                [!provide]                        PROVIDE (etext, .)
                [!provide]                        PROVIDE (_etext, .)
 *(.gcc_except_table)

.data           0x000000000040d000      0xa00
                0x000000000040d000                __data_start__ = .
 *(.data)
 .data          0x000000000040d000        0x4 C:/MinGW64/mingw64-6.3.0/bin/../lib/gcc/x86_64-w64-mingw32/6.3.0/../../../../x86_64-w64-mingw32/lib/../lib32/crt2.o
                0x000000000040d000                __mingw_winmain_nShowCmd
 .data          0x000000000040d004        0x0 C:/MinGW64/mingw64-6.3.0/bin/../lib/gcc/x86_64-w64-mingw32/6.3.0/32/crtbegin.o
 .data          0x000000000040d004        0x0 OpenJADE\out\preamp1\x86\obj\app\Baf\Baf\OJSP.o
 .data          0x000000000040d004        0x0 OpenJADE\out\preamp1\x86\obj\app\Baf\Integration_Example.o
 .data          0x000000000040d004        0x0 OpenJADE\out\preamp1\x86\lib\Baf\Baf.lib(BAF.o)
 .data          0x000000000040d004        0x0 OpenJADE\out\preamp1\x86\lib\Baf\Baf.lib(Error.o)
 .data          0x000000000040d004        0x0 OpenJADE\out\preamp1\x86\lib\Baf\Baf.lib(Framework_Builder.o)
 .data          0x000000000040d004        0x0 OpenJADE\out\preamp1\x86\lib\Baf\Baf.lib(Heap.o)
 *fill*         0x000000000040d004       0x1c 
 .data          0x000000000040d020       0x20 OpenJADE\out\preamp1\x86\lib\Baf\Baf.lib(JFramework.o)
 .data          0x000000000040d040        0x0 OpenJADE\out\preamp1\x86\lib\Baf\Baf.lib(JModule_Context.o)
 .data          0x000000000040d040        0x0 OpenJADE\out\preamp1\x86\lib\Baf\Baf.lib(Logger.o)
 .data          0x000000000040d040        0x0 OpenJADE\out\preamp1\x86\lib\Baf\Baf.lib(Module.o)
 .data          0x000000000040d040        0x0 OpenJADE\out\preamp1\x86\lib\Baf\Baf.lib(Port.o)
 .data          0x000000000040d040        0x0 OpenJADE\out\preamp1\x86\lib\Baf\Baf.lib(Ports.o)
 .data          0x000000000040d040        0x0 OpenJADE\out\preamp1\x86\lib\Baf\Baf.lib(Process.o)
 .data          0x000000000040d040        0x0 OpenJADE\out\preamp1\x86\lib\Baf\Baf.lib(Process_Context.o)
 .data          0x000000000040d040      0x460 OpenJADE\out\preamp1\x86\lib\Baf\Baf.lib(Audio_Graph.o)
                0x000000000040d498                pBAF_obj
 .data          0x000000000040d4a0        0x0 OpenJADE\out\preamp1\x86\lib\Baf\Baf.lib(BasicAudio_Target.o)
 .data          0x000000000040d4a0      0x1c0 OpenJADE\out\preamp1\x86\lib\Baf\Baf.lib(BasicAudio_Target_BasicAudio0_TOP.o)
                0x000000000040d4a0                BasicAudio_Target_BasicAudio0
 .data          0x000000000040d660        0x0 OpenJADE\out\preamp1\x86\lib\Baf\Baf.lib(BasicAudio_Target_data.o)
 .data          0x000000000040d660      0x100 OpenJADE\out\preamp1\x86\lib\Baf\Baf.lib(BasicAudio_Target_StructStaticInit.o)
                0x000000000040d660                BasicAudio_TargetBasicAudioBassSetRtcOut
                0x000000000040d674                BasicAudio_TargetBasicAudioTrebleSetRtcOut
                0x000000000040d6a0                BasicAudio_TargetControlDsms
 .data          0x000000000040d760        0x0 OpenJADE\out\preamp1\x86\lib\Baf\Baf.lib(BasicAudio_Target_TalariaAPI.o)
 .data          0x000000000040d760       0x40 OpenJADE\out\preamp1\x86\lib\Baf\Baf.lib(BasicAudio_Target_TOP_Access.o)
 .data          0x000000000040d7a0      0x100 OpenJADE\out\preamp1\x86\lib\Baf\Baf.lib(BasicAudio_Target_RTC_NTF.o)
 .data          0x000000000040d8a0       0x40 OpenJADE\out\preamp1\x86\lib\Baf\Baf.lib(BasicAudio_Target_RTC_REQ_RSP.o)
 .data          0x000000000040d8e0       0x80 OpenJADE\out\preamp1\x86\lib\Baf\Baf.lib(BasicAudio_Target_SCH_API.o)
                0x000000000040d8e0                talariaVersion1
                0x000000000040d900                SchDispathTable1
 .data          0x000000000040d960        0x0 OpenJADE\out\preamp1\x86\lib\Platform\Baf\SIL.lib(oj_platform.o)
 .data          0x000000000040d960        0x0 C:/MinGW64/mingw64-6.3.0/bin/../lib/gcc/x86_64-w64-mingw32/6.3.0/../../../../x86_64-w64-mingw32/lib/../lib32/libmingw32.a(lib32_libmingw32_a-atonexit.o)
 .data          0x000000000040d960        0x4 C:/MinGW64/mingw64-6.3.0/bin/../lib/gcc/x86_64-w64-mingw32/6.3.0/../../../../x86_64-w64-mingw32/lib/../lib32/libmingw32.a(lib32_libmingw32_a-gccmain.o)
 .data          0x000000000040d964        0x8 C:/MinGW64/mingw64-6.3.0/bin/../lib/gcc/x86_64-w64-mingw32/6.3.0/../../../../x86_64-w64-mingw32/lib/../lib32/libmingw32.a(lib32_libmingw32_a-natstart.o)
                0x000000000040d964                __native_vcclrit_reason
                0x000000000040d968                __native_dllmain_reason
 .data          0x000000000040d96c        0x4 C:/MinGW64/mingw64-6.3.0/bin/../lib/gcc/x86_64-w64-mingw32/6.3.0/../../../../x86_64-w64-mingw32/lib/../lib32/libmingw32.a(lib32_libmingw32_a-wildcard.o)
                0x000000000040d96c                _dowildcard
 .data          0x000000000040d970        0x4 C:/MinGW64/mingw64-6.3.0/bin/../lib/gcc/x86_64-w64-mingw32/6.3.0/../../../../x86_64-w64-mingw32/lib/../lib32/libmingw32.a(lib32_libmingw32_a-charmax.o)
                0x000000000040d970                _charmax
 .data          0x000000000040d974        0x0 C:/MinGW64/mingw64-6.3.0/bin/../lib/gcc/x86_64-w64-mingw32/6.3.0/../../../../x86_64-w64-mingw32/lib/../lib32/libmingw32.a(lib32_libmingw32_a-dllargv.o)
 .data          0x000000000040d974        0x0 C:/MinGW64/mingw64-6.3.0/bin/../lib/gcc/x86_64-w64-mingw32/6.3.0/../../../../x86_64-w64-mingw32/lib/../lib32/libmingw32.a(lib32_libmingw32_a-gs_support.o)
 .data          0x000000000040d974        0x0 C:/MinGW64/mingw64-6.3.0/bin/../lib/gcc/x86_64-w64-mingw32/6.3.0/../../../../x86_64-w64-mingw32/lib/../lib32/libmingw32.a(lib32_libmingw32_a-_newmode.o)
 .data          0x000000000040d974        0x0 C:/MinGW64/mingw64-6.3.0/bin/../lib/gcc/x86_64-w64-mingw32/6.3.0/../../../../x86_64-w64-mingw32/lib/../lib32/libmingw32.a(lib32_libmingw32_a-tlssup.o)
 .data          0x000000000040d974        0x0 C:/MinGW64/mingw64-6.3.0/bin/../lib/gcc/x86_64-w64-mingw32/6.3.0/../../../../x86_64-w64-mingw32/lib/../lib32/libmingw32.a(lib32_libmingw32_a-cinitexe.o)
 .data          0x000000000040d974        0x0 C:/MinGW64/mingw64-6.3.0/bin/../lib/gcc/x86_64-w64-mingw32/6.3.0/../../../../x86_64-w64-mingw32/lib/../lib32/libmingw32.a(lib32_libmingw32_a-merr.o)
 .data          0x000000000040d974        0x0 C:/MinGW64/mingw64-6.3.0/bin/../lib/gcc/x86_64-w64-mingw32/6.3.0/../../../../x86_64-w64-mingw32/lib/../lib32/libmingw32.a(lib32_libmingw32_a-CRT_fp10.o)
 .data          0x000000000040d974        0x0 C:/MinGW64/mingw64-6.3.0/bin/../lib/gcc/x86_64-w64-mingw32/6.3.0/../../../../x86_64-w64-mingw32/lib/../lib32/libmingw32.a(lib32_libmingw32_a-mingw_helpers.o)
 .data          0x000000000040d974        0x0 C:/MinGW64/mingw64-6.3.0/bin/../lib/gcc/x86_64-w64-mingw32/6.3.0/../../../../x86_64-w64-mingw32/lib/../lib32/libmingw32.a(lib32_libmingw32_a-pseudo-reloc.o)
 .data          0x000000000040d974        0x0 C:/MinGW64/mingw64-6.3.0/bin/../lib/gcc/x86_64-w64-mingw32/6.3.0/../../../../x86_64-w64-mingw32/lib/../lib32/libmingw32.a(lib32_libmingw32_a-xtxtmode.o)
 .data          0x000000000040d974        0x0 C:/MinGW64/mingw64-6.3.0/bin/../lib/gcc/x86_64-w64-mingw32/6.3.0/../../../../x86_64-w64-mingw32/lib/../lib32/libmingw32.a(lib32_libmingw32_a-crt_handler.o)
 .data          0x000000000040d974        0x0 C:/MinGW64/mingw64-6.3.0/bin/../lib/gcc/x86_64-w64-mingw32/6.3.0/../../../../x86_64-w64-mingw32/lib/../lib32/libmingw32.a(lib32_libmingw32_a-tlsthrd.o)
 .data          0x000000000040d974        0x4 C:/MinGW64/mingw64-6.3.0/bin/../lib/gcc/x86_64-w64-mingw32/6.3.0/../../../../x86_64-w64-mingw32/lib/../lib32/libmingw32.a(lib32_libmingw32_a-tlsmcrt.o)
                0x000000000040d974                _CRT_MT
 .data          0x000000000040d978        0x0 C:/MinGW64/mingw64-6.3.0/bin/../lib/gcc/x86_64-w64-mingw32/6.3.0/../../../../x86_64-w64-mingw32/lib/../lib32/libmingw32.a(lib32_libmingw32_a-pseudo-reloc-list.o)
 .data          0x000000000040d978        0x0 C:/MinGW64/mingw64-6.3.0/bin/../lib/gcc/x86_64-w64-mingw32/6.3.0/../../../../x86_64-w64-mingw32/lib/../lib32/libmingw32.a(lib32_libmingw32_a-pesect.o)
 .data          0x000000000040d978        0x0 C:/MinGW64/mingw64-6.3.0/bin/../lib/gcc/x86_64-w64-mingw32/6.3.0/32/libgcc.a(_chkstk_ms.o)
 .data          0x000000000040d978        0x0 C:/MinGW64/mingw64-6.3.0/bin/../lib/gcc/x86_64-w64-mingw32/6.3.0/32/libgcc.a(_ctors.o)
 .data          0x000000000040d978        0x0 C:/MinGW64/mingw64-6.3.0/bin/../lib/gcc/x86_64-w64-mingw32/6.3.0/../../../../x86_64-w64-mingw32/lib/../lib32/libmingwex.a(lib32_libmingwex_a-ceilf.o)
 .data          0x000000000040d978        0x0 C:/MinGW64/mingw64-6.3.0/bin/../lib/gcc/x86_64-w64-mingw32/6.3.0/../../../../x86_64-w64-mingw32/lib/../lib32/libmingwex.a(lib32_libmingwex_a-expf.o)
 .data          0x000000000040d978        0x0 C:/MinGW64/mingw64-6.3.0/bin/../lib/gcc/x86_64-w64-mingw32/6.3.0/../../../../x86_64-w64-mingw32/lib/../lib32/libmingwex.a(lib32_libmingwex_a-fmaxf.o)
 .data          0x000000000040d978        0x0 C:/MinGW64/mingw64-6.3.0/bin/../lib/gcc/x86_64-w64-mingw32/6.3.0/../../../../x86_64-w64-mingw32/lib/../lib32/libmingwex.a(lib32_libmingwex_a-fminf.o)
 .data          0x000000000040d978        0x0 C:/MinGW64/mingw64-6.3.0/bin/../lib/gcc/x86_64-w64-mingw32/6.3.0/../../../../x86_64-w64-mingw32/lib/../lib32/libmingwex.a(lib32_libmingwex_a-log10f.o)
 .data          0x000000000040d978        0x0 C:/MinGW64/mingw64-6.3.0/bin/../lib/gcc/x86_64-w64-mingw32/6.3.0/../../../../x86_64-w64-mingw32/lib/../lib32/libmingwex.a(lib32_libmingwex_a-logf.o)
 .data          0x000000000040d978        0x0 C:/MinGW64/mingw64-6.3.0/bin/../lib/gcc/x86_64-w64-mingw32/6.3.0/../../../../x86_64-w64-mingw32/lib/../lib32/libmingwex.a(lib32_libmingwex_a-powf.o)
 .data          0x000000000040d978        0x0 C:/MinGW64/mingw64-6.3.0/bin/../lib/gcc/x86_64-w64-mingw32/6.3.0/../../../../x86_64-w64-mingw32/lib/../lib32/libmingwex.a(lib32_libmingwex_a-roundf.o)
 .data          0x000000000040d978        0x0 C:/MinGW64/mingw64-6.3.0/bin/../lib/gcc/x86_64-w64-mingw32/6.3.0/../../../../x86_64-w64-mingw32/lib/../lib32/libmingwex.a(lib32_libmingwex_a-sqrtf.o)
 .data          0x000000000040d978        0x4 C:/MinGW64/mingw64-6.3.0/bin/../lib/gcc/x86_64-w64-mingw32/6.3.0/../../../../x86_64-w64-mingw32/lib/../lib32/libmingwex.a(lib32_libmingwex_a-mingw_matherr.o)
                0x000000000040d978                _MINGW_INSTALL_DEBUG_MATHERR
 *fill*         0x000000000040d97c        0x4 
 .data          0x000000000040d980       0x20 C:/MinGW64/mingw64-6.3.0/bin/../lib/gcc/x86_64-w64-mingw32/6.3.0/../../../../x86_64-w64-mingw32/lib/../lib32/libmingwex.a(lib32_libmingwex_a-exp.o)
 .data          0x000000000040d9a0        0x0 C:/MinGW64/mingw64-6.3.0/bin/../lib/gcc/x86_64-w64-mingw32/6.3.0/../../../../x86_64-w64-mingw32/lib/../lib32/libmingwex.a(lib32_libmingwex_a-log.o)
 .data          0x000000000040d9a0        0x0 C:/MinGW64/mingw64-6.3.0/bin/../lib/gcc/x86_64-w64-mingw32/6.3.0/../../../../x86_64-w64-mingw32/lib/../lib32/libmingwex.a(lib32_libmingwex_a-pow.o)
 .data          0x000000000040d9a0        0x0 C:/MinGW64/mingw64-6.3.0/bin/../lib/gcc/x86_64-w64-mingw32/6.3.0/../../../../x86_64-w64-mingw32/lib/../lib32/libmingwex.a(lib32_libmingwex_a-powi.o)
 .data          0x000000000040d9a0        0x0 C:/MinGW64/mingw64-6.3.0/bin/../lib/gcc/x86_64-w64-mingw32/6.3.0/../../../../x86_64-w64-mingw32/lib/../lib32/libmingwex.a(lib32_libmingwex_a-exp2l.o)
 .data          0x000000000040d9a0        0x0 C:/MinGW64/mingw64-6.3.0/bin/../lib/gcc/x86_64-w64-mingw32/6.3.0/../../../../x86_64-w64-mingw32/lib/../lib32/libmingwex.a(lib32_libmingwex_a-internal_logl.o)
 .data          0x000000000040d9a0        0x0 C:/MinGW64/mingw64-6.3.0/bin/../lib/gcc/x86_64-w64-mingw32/6.3.0/../../../../x86_64-w64-mingw32/lib/../lib32/libmingwex.a(lib32_libmingwex_a-ldexp.o)
 .data          0x000000000040d9a0        0x0 C:/MinGW64/mingw64-6.3.0/bin/../lib/gcc/x86_64-w64-mingw32/6.3.0/../../../../x86_64-w64-mingw32/lib/../lib32/libmingwex.a(lib32_libmingwex_a-log2l.o)
 .data          0x000000000040d9a0        0x0 C:/MinGW64/mingw64-6.3.0/bin/../lib/gcc/x86_64-w64-mingw32/6.3.0/../../../../x86_64-w64-mingw32/lib/../lib32/libmsvcrt.a(dakes01258.o)
 .data          0x000000000040d9a0        0x0 C:/MinGW64/mingw64-6.3.0/bin/../lib/gcc/x86_64-w64-mingw32/6.3.0/../../../../x86_64-w64-mingw32/lib/../lib32/libmsvcrt.a(dakes01254.o)
 .data          0x000000000040d9a0        0x0 C:/MinGW64/mingw64-6.3.0/bin/../lib/gcc/x86_64-w64-mingw32/6.3.0/../../../../x86_64-w64-mingw32/lib/../lib32/libmsvcrt.a(dakes01221.o)
 .data          0x000000000040d9a0        0x0 C:/MinGW64/mingw64-6.3.0/bin/../lib/gcc/x86_64-w64-mingw32/6.3.0/../../../../x86_64-w64-mingw32/lib/../lib32/libmsvcrt.a(dakes01218.o)
 .data          0x000000000040d9a0        0x0 C:/MinGW64/mingw64-6.3.0/bin/../lib/gcc/x86_64-w64-mingw32/6.3.0/../../../../x86_64-w64-mingw32/lib/../lib32/libmsvcrt.a(dakes01200.o)
 .data          0x000000000040d9a0        0x0 C:/MinGW64/mingw64-6.3.0/bin/../lib/gcc/x86_64-w64-mingw32/6.3.0/../../../../x86_64-w64-mingw32/lib/../lib32/libmsvcrt.a(dakes01175.o)
 .data          0x000000000040d9a0        0x0 C:/MinGW64/mingw64-6.3.0/bin/../lib/gcc/x86_64-w64-mingw32/6.3.0/../../../../x86_64-w64-mingw32/lib/../lib32/libmsvcrt.a(dakes01172.o)
 .data          0x000000000040d9a0        0x0 C:/MinGW64/mingw64-6.3.0/bin/../lib/gcc/x86_64-w64-mingw32/6.3.0/../../../../x86_64-w64-mingw32/lib/../lib32/libmsvcrt.a(dakes01164.o)
 .data          0x000000000040d9a0        0x0 C:/MinGW64/mingw64-6.3.0/bin/../lib/gcc/x86_64-w64-mingw32/6.3.0/../../../../x86_64-w64-mingw32/lib/../lib32/libmsvcrt.a(dakes01162.o)
 .data          0x000000000040d9a0        0x0 C:/MinGW64/mingw64-6.3.0/bin/../lib/gcc/x86_64-w64-mingw32/6.3.0/../../../../x86_64-w64-mingw32/lib/../lib32/libmsvcrt.a(dakes01117.o)
 .data          0x000000000040d9a0        0x0 C:/MinGW64/mingw64-6.3.0/bin/../lib/gcc/x86_64-w64-mingw32/6.3.0/../../../../x86_64-w64-mingw32/lib/../lib32/libmsvcrt.a(dakes01105.o)
 .data          0x000000000040d9a0        0x0 C:/MinGW64/mingw64-6.3.0/bin/../lib/gcc/x86_64-w64-mingw32/6.3.0/../../../../x86_64-w64-mingw32/lib/../lib32/libmsvcrt.a(dakes01104.o)
 .data          0x000000000040d9a0        0x0 C:/MinGW64/mingw64-6.3.0/bin/../lib/gcc/x86_64-w64-mingw32/6.3.0/../../../../x86_64-w64-mingw32/lib/../lib32/libmsvcrt.a(dakes01100.o)
 .data          0x000000000040d9a0        0x0 C:/MinGW64/mingw64-6.3.0/bin/../lib/gcc/x86_64-w64-mingw32/6.3.0/../../../../x86_64-w64-mingw32/lib/../lib32/libmsvcrt.a(dakes01098.o)
 .data          0x000000000040d9a0        0x0 C:/MinGW64/mingw64-6.3.0/bin/../lib/gcc/x86_64-w64-mingw32/6.3.0/../../../../x86_64-w64-mingw32/lib/../lib32/libmsvcrt.a(dakes01096.o)
 .data          0x000000000040d9a0        0x0 C:/MinGW64/mingw64-6.3.0/bin/../lib/gcc/x86_64-w64-mingw32/6.3.0/../../../../x86_64-w64-mingw32/lib/../lib32/libmsvcrt.a(dakes01091.o)
 .data          0x000000000040d9a0        0x0 C:/MinGW64/mingw64-6.3.0/bin/../lib/gcc/x86_64-w64-mingw32/6.3.0/../../../../x86_64-w64-mingw32/lib/../lib32/libmsvcrt.a(dakes01086.o)
 .data          0x000000000040d9a0        0x0 C:/MinGW64/mingw64-6.3.0/bin/../lib/gcc/x86_64-w64-mingw32/6.3.0/../../../../x86_64-w64-mingw32/lib/../lib32/libmsvcrt.a(dakes01085.o)
 .data          0x000000000040d9a0        0x0 C:/MinGW64/mingw64-6.3.0/bin/../lib/gcc/x86_64-w64-mingw32/6.3.0/../../../../x86_64-w64-mingw32/lib/../lib32/libmsvcrt.a(dakes01082.o)
 .data          0x000000000040d9a0        0x0 C:/MinGW64/mingw64-6.3.0/bin/../lib/gcc/x86_64-w64-mingw32/6.3.0/../../../../x86_64-w64-mingw32/lib/../lib32/libmsvcrt.a(dakes01071.o)
 .data          0x000000000040d9a0        0x0 C:/MinGW64/mingw64-6.3.0/bin/../lib/gcc/x86_64-w64-mingw32/6.3.0/../../../../x86_64-w64-mingw32/lib/../lib32/libmsvcrt.a(dakes01057.o)
 .data          0x000000000040d9a0        0x0 C:/MinGW64/mingw64-6.3.0/bin/../lib/gcc/x86_64-w64-mingw32/6.3.0/../../../../x86_64-w64-mingw32/lib/../lib32/libmsvcrt.a(dakes00844.o)
 .data          0x000000000040d9a0        0x0 C:/MinGW64/mingw64-6.3.0/bin/../lib/gcc/x86_64-w64-mingw32/6.3.0/../../../../x86_64-w64-mingw32/lib/../lib32/libmsvcrt.a(dakes00629.o)
 .data          0x000000000040d9a0        0x0 C:/MinGW64/mingw64-6.3.0/bin/../lib/gcc/x86_64-w64-mingw32/6.3.0/../../../../x86_64-w64-mingw32/lib/../lib32/libmsvcrt.a(dakes00458.o)
 .data          0x000000000040d9a0        0x0 C:/MinGW64/mingw64-6.3.0/bin/../lib/gcc/x86_64-w64-mingw32/6.3.0/../../../../x86_64-w64-mingw32/lib/../lib32/libmsvcrt.a(dakes00356.o)
 .data          0x000000000040d9a0        0x0 C:/MinGW64/mingw64-6.3.0/bin/../lib/gcc/x86_64-w64-mingw32/6.3.0/../../../../x86_64-w64-mingw32/lib/../lib32/libmsvcrt.a(dakes00352.o)
 .data          0x000000000040d9a0        0x0 C:/MinGW64/mingw64-6.3.0/bin/../lib/gcc/x86_64-w64-mingw32/6.3.0/../../../../x86_64-w64-mingw32/lib/../lib32/libmsvcrt.a(dakes00275.o)
 .data          0x000000000040d9a0        0x0 C:/MinGW64/mingw64-6.3.0/bin/../lib/gcc/x86_64-w64-mingw32/6.3.0/../../../../x86_64-w64-mingw32/lib/../lib32/libmsvcrt.a(dakes00222.o)
 .data          0x000000000040d9a0        0x0 C:/MinGW64/mingw64-6.3.0/bin/../lib/gcc/x86_64-w64-mingw32/6.3.0/../../../../x86_64-w64-mingw32/lib/../lib32/libmsvcrt.a(dakes00161.o)
 .data          0x000000000040d9a0        0x0 C:/MinGW64/mingw64-6.3.0/bin/../lib/gcc/x86_64-w64-mingw32/6.3.0/../../../../x86_64-w64-mingw32/lib/../lib32/libmsvcrt.a(dakes00144.o)
 .data          0x000000000040d9a0        0x0 C:/MinGW64/mingw64-6.3.0/bin/../lib/gcc/x86_64-w64-mingw32/6.3.0/../../../../x86_64-w64-mingw32/lib/../lib32/libmsvcrt.a(dakes00123.o)
 .data          0x000000000040d9a0        0x0 C:/MinGW64/mingw64-6.3.0/bin/../lib/gcc/x86_64-w64-mingw32/6.3.0/../../../../x86_64-w64-mingw32/lib/../lib32/libmsvcrt.a(dakes00107.o)
 .data          0x000000000040d9a0        0x0 C:/MinGW64/mingw64-6.3.0/bin/../lib/gcc/x86_64-w64-mingw32/6.3.0/../../../../x86_64-w64-mingw32/lib/../lib32/libmsvcrt.a(dakes00104.o)
 .data          0x000000000040d9a0        0x0 C:/MinGW64/mingw64-6.3.0/bin/../lib/gcc/x86_64-w64-mingw32/6.3.0/../../../../x86_64-w64-mingw32/lib/../lib32/libmsvcrt.a(dakes00068.o)
 .data          0x000000000040d9a0        0x0 C:/MinGW64/mingw64-6.3.0/bin/../lib/gcc/x86_64-w64-mingw32/6.3.0/../../../../x86_64-w64-mingw32/lib/../lib32/libmsvcrt.a(dakes00059.o)
 .data          0x000000000040d9a0        0x0 C:/MinGW64/mingw64-6.3.0/bin/../lib/gcc/x86_64-w64-mingw32/6.3.0/../../../../x86_64-w64-mingw32/lib/../lib32/libmsvcrt.a(dakes00058.o)
 .data          0x000000000040d9a0        0x0 C:/MinGW64/mingw64-6.3.0/bin/../lib/gcc/x86_64-w64-mingw32/6.3.0/../../../../x86_64-w64-mingw32/lib/../lib32/libmsvcrt.a(dakes00055.o)
 .data          0x000000000040d9a0        0x8 C:/MinGW64/mingw64-6.3.0/bin/../lib/gcc/x86_64-w64-mingw32/6.3.0/../../../../x86_64-w64-mingw32/lib/../lib32/libmsvcrt.a(lib32_libmsvcrt_a-invalid_parameter_handler.o)
                0x000000000040d9a0                _imp___get_invalid_parameter_handler
                0x000000000040d9a4                _imp___set_invalid_parameter_handler
 .data          0x000000000040d9a8        0x0 C:/MinGW64/mingw64-6.3.0/bin/../lib/gcc/x86_64-w64-mingw32/6.3.0/../../../../x86_64-w64-mingw32/lib/../lib32/libmsvcrt.a(dakeh.o)
 .data          0x000000000040d9a8        0x0 C:/MinGW64/mingw64-6.3.0/bin/../lib/gcc/x86_64-w64-mingw32/6.3.0/../../../../x86_64-w64-mingw32/lib/../lib32/libmsvcrt.a(daket.o)
 .data          0x000000000040d9a8        0x0 C:/MinGW64/mingw64-6.3.0/bin/../lib/gcc/x86_64-w64-mingw32/6.3.0/../../../../x86_64-w64-mingw32/lib/../lib32/libkernel32.a(dkzds01245.o)
 .data          0x000000000040d9a8        0x0 C:/MinGW64/mingw64-6.3.0/bin/../lib/gcc/x86_64-w64-mingw32/6.3.0/../../../../x86_64-w64-mingw32/lib/../lib32/libkernel32.a(dkzds01242.o)
 .data          0x000000000040d9a8        0x0 C:/MinGW64/mingw64-6.3.0/bin/../lib/gcc/x86_64-w64-mingw32/6.3.0/../../../../x86_64-w64-mingw32/lib/../lib32/libkernel32.a(dkzds01209.o)
 .data          0x000000000040d9a8        0x0 C:/MinGW64/mingw64-6.3.0/bin/../lib/gcc/x86_64-w64-mingw32/6.3.0/../../../../x86_64-w64-mingw32/lib/../lib32/libkernel32.a(dkzds01196.o)
 .data          0x000000000040d9a8        0x0 C:/MinGW64/mingw64-6.3.0/bin/../lib/gcc/x86_64-w64-mingw32/6.3.0/../../../../x86_64-w64-mingw32/lib/../lib32/libkernel32.a(dkzds01189.o)
 .data          0x000000000040d9a8        0x0 C:/MinGW64/mingw64-6.3.0/bin/../lib/gcc/x86_64-w64-mingw32/6.3.0/../../../../x86_64-w64-mingw32/lib/../lib32/libkernel32.a(dkzds01175.o)
 .data          0x000000000040d9a8        0x0 C:/MinGW64/mingw64-6.3.0/bin/../lib/gcc/x86_64-w64-mingw32/6.3.0/../../../../x86_64-w64-mingw32/lib/../lib32/libkernel32.a(dkzds01162.o)
 .data          0x000000000040d9a8        0x0 C:/MinGW64/mingw64-6.3.0/bin/../lib/gcc/x86_64-w64-mingw32/6.3.0/../../../../x86_64-w64-mingw32/lib/../lib32/libkernel32.a(dkzds00949.o)
 .data          0x000000000040d9a8        0x0 C:/MinGW64/mingw64-6.3.0/bin/../lib/gcc/x86_64-w64-mingw32/6.3.0/../../../../x86_64-w64-mingw32/lib/../lib32/libkernel32.a(dkzds00836.o)
 .data          0x000000000040d9a8        0x0 C:/MinGW64/mingw64-6.3.0/bin/../lib/gcc/x86_64-w64-mingw32/6.3.0/../../../../x86_64-w64-mingw32/lib/../lib32/libkernel32.a(dkzds00750.o)
 .data          0x000000000040d9a8        0x0 C:/MinGW64/mingw64-6.3.0/bin/../lib/gcc/x86_64-w64-mingw32/6.3.0/../../../../x86_64-w64-mingw32/lib/../lib32/libkernel32.a(dkzds00666.o)
 .data          0x000000000040d9a8        0x0 C:/MinGW64/mingw64-6.3.0/bin/../lib/gcc/x86_64-w64-mingw32/6.3.0/../../../../x86_64-w64-mingw32/lib/../lib32/libkernel32.a(dkzds00638.o)
 .data          0x000000000040d9a8        0x0 C:/MinGW64/mingw64-6.3.0/bin/../lib/gcc/x86_64-w64-mingw32/6.3.0/../../../../x86_64-w64-mingw32/lib/../lib32/libkernel32.a(dkzds00615.o)
 .data          0x000000000040d9a8        0x0 C:/MinGW64/mingw64-6.3.0/bin/../lib/gcc/x86_64-w64-mingw32/6.3.0/../../../../x86_64-w64-mingw32/lib/../lib32/libkernel32.a(dkzds00584.o)
 .data          0x000000000040d9a8        0x0 C:/MinGW64/mingw64-6.3.0/bin/../lib/gcc/x86_64-w64-mingw32/6.3.0/../../../../x86_64-w64-mingw32/lib/../lib32/libkernel32.a(dkzds00536.o)
 .data          0x000000000040d9a8        0x0 C:/MinGW64/mingw64-6.3.0/bin/../lib/gcc/x86_64-w64-mingw32/6.3.0/../../../../x86_64-w64-mingw32/lib/../lib32/libkernel32.a(dkzds00518.o)
 .data          0x000000000040d9a8        0x0 C:/MinGW64/mingw64-6.3.0/bin/../lib/gcc/x86_64-w64-mingw32/6.3.0/../../../../x86_64-w64-mingw32/lib/../lib32/libkernel32.a(dkzds00460.o)
 .data          0x000000000040d9a8        0x0 C:/MinGW64/mingw64-6.3.0/bin/../lib/gcc/x86_64-w64-mingw32/6.3.0/../../../../x86_64-w64-mingw32/lib/../lib32/libkernel32.a(dkzds00456.o)
 .data          0x000000000040d9a8        0x0 C:/MinGW64/mingw64-6.3.0/bin/../lib/gcc/x86_64-w64-mingw32/6.3.0/../../../../x86_64-w64-mingw32/lib/../lib32/libkernel32.a(dkzds00455.o)
 .data          0x000000000040d9a8        0x0 C:/MinGW64/mingw64-6.3.0/bin/../lib/gcc/x86_64-w64-mingw32/6.3.0/../../../../x86_64-w64-mingw32/lib/../lib32/libkernel32.a(dkzds00242.o)
 .data          0x000000000040d9a8        0x0 C:/MinGW64/mingw64-6.3.0/bin/../lib/gcc/x86_64-w64-mingw32/6.3.0/../../../../x86_64-w64-mingw32/lib/../lib32/libkernel32.a(dkzds00214.o)
 .data          0x000000000040d9a8        0x0 C:/MinGW64/mingw64-6.3.0/bin/../lib/gcc/x86_64-w64-mingw32/6.3.0/../../../../x86_64-w64-mingw32/lib/../lib32/libkernel32.a(dkzdh.o)
 .data          0x000000000040d9a8        0x0 C:/MinGW64/mingw64-6.3.0/bin/../lib/gcc/x86_64-w64-mingw32/6.3.0/../../../../x86_64-w64-mingw32/lib/../lib32/libkernel32.a(dkzdt.o)
 .data          0x000000000040d9a8        0x0 C:/MinGW64/mingw64-6.3.0/bin/../lib/gcc/x86_64-w64-mingw32/6.3.0/32/crtend.o
 *(.data2)
 *(SORT(.data$*))
 .data$__security_cookie
                0x000000000040d9a8        0x4 C:/MinGW64/mingw64-6.3.0/bin/../lib/gcc/x86_64-w64-mingw32/6.3.0/../../../../x86_64-w64-mingw32/lib/../lib32/libmingw32.a(lib32_libmingw32_a-gs_support.o)
                0x000000000040d9a8                __security_cookie
 .data$__security_cookie_complement
                0x000000000040d9ac        0x4 C:/MinGW64/mingw64-6.3.0/bin/../lib/gcc/x86_64-w64-mingw32/6.3.0/../../../../x86_64-w64-mingw32/lib/../lib32/libmingw32.a(lib32_libmingw32_a-gs_support.o)
                0x000000000040d9ac                __security_cookie_complement
 *(.jcr)
 .jcr           0x000000000040d9b0        0x0 C:/MinGW64/mingw64-6.3.0/bin/../lib/gcc/x86_64-w64-mingw32/6.3.0/32/crtbegin.o
 .jcr           0x000000000040d9b0        0x4 C:/MinGW64/mingw64-6.3.0/bin/../lib/gcc/x86_64-w64-mingw32/6.3.0/32/crtend.o
                0x000000000040d9b4                __data_end__ = .
 *(.data_cygwin_nocopy)

.rdata          0x000000000040e000     0x1400
 *(.rdata)
 .rdata         0x000000000040e000       0x24 C:/MinGW64/mingw64-6.3.0/bin/../lib/gcc/x86_64-w64-mingw32/6.3.0/32/crtbegin.o
 .rdata         0x000000000040e024       0xb0 OpenJADE\out\preamp1\x86\obj\app\Baf\Baf\OJSP.o
 .rdata         0x000000000040e0d4       0x44 OpenJADE\out\preamp1\x86\lib\Baf\Baf.lib(BAF.o)
 .rdata         0x000000000040e118       0x1c OpenJADE\out\preamp1\x86\lib\Baf\Baf.lib(Error.o)
 .rdata         0x000000000040e134       0x98 OpenJADE\out\preamp1\x86\lib\Baf\Baf.lib(Framework_Builder.o)
 .rdata         0x000000000040e1cc       0x38 OpenJADE\out\preamp1\x86\lib\Baf\Baf.lib(Heap.o)
 .rdata         0x000000000040e204      0x360 OpenJADE\out\preamp1\x86\lib\Baf\Baf.lib(JFramework.o)
 .rdata         0x000000000040e564       0x3c OpenJADE\out\preamp1\x86\lib\Baf\Baf.lib(Logger.o)
 .rdata         0x000000000040e5a0       0x64 OpenJADE\out\preamp1\x86\lib\Baf\Baf.lib(Module.o)
 *fill*         0x000000000040e604        0xc 
 .rdata         0x000000000040e610       0x30 OpenJADE\out\preamp1\x86\lib\Baf\Baf.lib(Process.o)
 .rdata         0x000000000040e640       0xc0 OpenJADE\out\preamp1\x86\lib\Baf\Baf.lib(BasicAudio_Target.o)
                0x000000000040e640                BasicAudio_Target_M
 .rdata         0x000000000040e700       0x40 OpenJADE\out\preamp1\x86\lib\Baf\Baf.lib(BasicAudio_Target_data.o)
                0x000000000040e700                BasicAudio_Target_ConstB
                0x000000000040e720                BasicAudio_Target_ConstP
 .rdata         0x000000000040e740        0x8 OpenJADE\out\preamp1\x86\lib\Baf\Baf.lib(BasicAudio_Target_SCH_API.o)
 .rdata         0x000000000040e748      0x260 OpenJADE\out\preamp1\x86\lib\Platform\Baf\SIL.lib(oj_platform.o)
 .rdata         0x000000000040e9a8        0x8 C:/MinGW64/mingw64-6.3.0/bin/../lib/gcc/x86_64-w64-mingw32/6.3.0/../../../../x86_64-w64-mingw32/lib/../lib32/libmingw32.a(lib32_libmingw32_a-gs_support.o)
 .rdata         0x000000000040e9b0        0x4 C:/MinGW64/mingw64-6.3.0/bin/../lib/gcc/x86_64-w64-mingw32/6.3.0/../../../../x86_64-w64-mingw32/lib/../lib32/libmingw32.a(lib32_libmingw32_a-tlssup.o)
                0x000000000040e9b0                __dyn_tls_init_callback
 .rdata         0x000000000040e9b4      0x134 C:/MinGW64/mingw64-6.3.0/bin/../lib/gcc/x86_64-w64-mingw32/6.3.0/../../../../x86_64-w64-mingw32/lib/../lib32/libmingw32.a(lib32_libmingw32_a-merr.o)
 .rdata         0x000000000040eae8       0xf8 C:/MinGW64/mingw64-6.3.0/bin/../lib/gcc/x86_64-w64-mingw32/6.3.0/../../../../x86_64-w64-mingw32/lib/../lib32/libmingw32.a(lib32_libmingw32_a-pseudo-reloc.o)
 .rdata         0x000000000040ebe0        0x8 C:/MinGW64/mingw64-6.3.0/bin/../lib/gcc/x86_64-w64-mingw32/6.3.0/../../../../x86_64-w64-mingw32/lib/../lib32/libmingwex.a(lib32_libmingwex_a-roundf.o)
 .rdata         0x000000000040ebe8       0x10 C:/MinGW64/mingw64-6.3.0/bin/../lib/gcc/x86_64-w64-mingw32/6.3.0/../../../../x86_64-w64-mingw32/lib/../lib32/libmingwex.a(lib32_libmingwex_a-sqrtf.o)
 .rdata         0x000000000040ebf8       0x18 C:/MinGW64/mingw64-6.3.0/bin/../lib/gcc/x86_64-w64-mingw32/6.3.0/../../../../x86_64-w64-mingw32/lib/../lib32/libmingwex.a(lib32_libmingwex_a-exp.o)
 .rdata         0x000000000040ec10       0x10 C:/MinGW64/mingw64-6.3.0/bin/../lib/gcc/x86_64-w64-mingw32/6.3.0/../../../../x86_64-w64-mingw32/lib/../lib32/libmingwex.a(lib32_libmingwex_a-log.o)
 .rdata         0x000000000040ec20       0x30 C:/MinGW64/mingw64-6.3.0/bin/../lib/gcc/x86_64-w64-mingw32/6.3.0/../../../../x86_64-w64-mingw32/lib/../lib32/libmingwex.a(lib32_libmingwex_a-pow.o)
 .rdata         0x000000000040ec50       0x18 C:/MinGW64/mingw64-6.3.0/bin/../lib/gcc/x86_64-w64-mingw32/6.3.0/../../../../x86_64-w64-mingw32/lib/../lib32/libmingwex.a(lib32_libmingwex_a-powi.o)
 *(SORT(.rdata$*))
 .rdata$zzz     0x000000000040ec68       0x40 OpenJADE\out\preamp1\x86\obj\app\Baf\Baf\OJSP.o
 .rdata$zzz     0x000000000040eca8       0x40 OpenJADE\out\preamp1\x86\obj\app\Baf\Integration_Example.o
 .rdata$zzz     0x000000000040ece8       0x40 OpenJADE\out\preamp1\x86\lib\Baf\Baf.lib(BAF.o)
 .rdata$zzz     0x000000000040ed28       0x40 OpenJADE\out\preamp1\x86\lib\Baf\Baf.lib(Error.o)
 .rdata$zzz     0x000000000040ed68       0x40 OpenJADE\out\preamp1\x86\lib\Baf\Baf.lib(Framework_Builder.o)
 .rdata$zzz     0x000000000040eda8       0x40 OpenJADE\out\preamp1\x86\lib\Baf\Baf.lib(Heap.o)
 .rdata$zzz     0x000000000040ede8       0x40 OpenJADE\out\preamp1\x86\lib\Baf\Baf.lib(JFramework.o)
 .rdata$zzz     0x000000000040ee28       0x40 OpenJADE\out\preamp1\x86\lib\Baf\Baf.lib(JModule_Context.o)
 .rdata$zzz     0x000000000040ee68       0x40 OpenJADE\out\preamp1\x86\lib\Baf\Baf.lib(Logger.o)
 .rdata$zzz     0x000000000040eea8       0x40 OpenJADE\out\preamp1\x86\lib\Baf\Baf.lib(Module.o)
 .rdata$zzz     0x000000000040eee8       0x40 OpenJADE\out\preamp1\x86\lib\Baf\Baf.lib(Port.o)
 .rdata$zzz     0x000000000040ef28       0x40 OpenJADE\out\preamp1\x86\lib\Baf\Baf.lib(Ports.o)
 .rdata$zzz     0x000000000040ef68       0x40 OpenJADE\out\preamp1\x86\lib\Baf\Baf.lib(Process.o)
 .rdata$zzz     0x000000000040efa8       0x40 OpenJADE\out\preamp1\x86\lib\Baf\Baf.lib(Process_Context.o)
 .rdata$zzz     0x000000000040efe8       0x40 OpenJADE\out\preamp1\x86\lib\Baf\Baf.lib(Audio_Graph.o)
 .rdata$zzz     0x000000000040f028       0x40 OpenJADE\out\preamp1\x86\lib\Baf\Baf.lib(BasicAudio_Target.o)
 .rdata$zzz     0x000000000040f068       0x40 OpenJADE\out\preamp1\x86\lib\Baf\Baf.lib(BasicAudio_Target_BasicAudio0_TOP.o)
 .rdata$zzz     0x000000000040f0a8       0x40 OpenJADE\out\preamp1\x86\lib\Baf\Baf.lib(BasicAudio_Target_data.o)
 .rdata$zzz     0x000000000040f0e8       0x40 OpenJADE\out\preamp1\x86\lib\Baf\Baf.lib(BasicAudio_Target_StructStaticInit.o)
 .rdata$zzz     0x000000000040f128       0x40 OpenJADE\out\preamp1\x86\lib\Baf\Baf.lib(BasicAudio_Target_TalariaAPI.o)
 .rdata$zzz     0x000000000040f168       0x40 OpenJADE\out\preamp1\x86\lib\Baf\Baf.lib(BasicAudio_Target_TOP_Access.o)
 .rdata$zzz     0x000000000040f1a8       0x40 OpenJADE\out\preamp1\x86\lib\Baf\Baf.lib(BasicAudio_Target_RTC_NTF.o)
 .rdata$zzz     0x000000000040f1e8       0x40 OpenJADE\out\preamp1\x86\lib\Baf\Baf.lib(BasicAudio_Target_RTC_REQ_RSP.o)
 .rdata$zzz     0x000000000040f228       0x40 OpenJADE\out\preamp1\x86\lib\Baf\Baf.lib(BasicAudio_Target_SCH_API.o)
 .rdata$zzz     0x000000000040f268       0x40 OpenJADE\out\preamp1\x86\lib\Platform\Baf\SIL.lib(oj_platform.o)
                0x000000000040f2a8                __rt_psrelocs_start = .
 *(.rdata_runtime_pseudo_reloc)
                0x000000000040f2a8                __rt_psrelocs_end = .
                0x0000000000000000                __rt_psrelocs_size = (__rt_psrelocs_end - __rt_psrelocs_start)
                0x000000000040f2a8                ___RUNTIME_PSEUDO_RELOC_LIST_END__ = .
                0x000000000040f2a8                __RUNTIME_PSEUDO_RELOC_LIST_END__ = .
                0x000000000040f2a8                ___RUNTIME_PSEUDO_RELOC_LIST__ = (. - __rt_psrelocs_size)
                0x000000000040f2a8                __RUNTIME_PSEUDO_RELOC_LIST__ = (. - __rt_psrelocs_size)

.eh_frame
 *(.eh_frame*)

.pdata
 *(.pdata)

.bss            0x0000000000410000     0xa67c
                0x0000000000410000                __bss_start__ = .
 *(.bss)
 .bss           0x0000000000410000       0x1c C:/MinGW64/mingw64-6.3.0/bin/../lib/gcc/x86_64-w64-mingw32/6.3.0/../../../../x86_64-w64-mingw32/lib/../lib32/crt2.o
 .bss           0x000000000041001c        0x0 C:/MinGW64/mingw64-6.3.0/bin/../lib/gcc/x86_64-w64-mingw32/6.3.0/32/crtbegin.o
 .bss           0x000000000041001c        0x4 OpenJADE\out\preamp1\x86\obj\app\Baf\Baf\OJSP.o
                0x000000000041001c                BAF_Callback_clock_cnt
 .bss           0x0000000000410020        0x0 OpenJADE\out\preamp1\x86\obj\app\Baf\Integration_Example.o
 .bss           0x0000000000410020        0x0 OpenJADE\out\preamp1\x86\lib\Baf\Baf.lib(BAF.o)
 .bss           0x0000000000410020        0x0 OpenJADE\out\preamp1\x86\lib\Baf\Baf.lib(Error.o)
 .bss           0x0000000000410020        0x0 OpenJADE\out\preamp1\x86\lib\Baf\Baf.lib(Framework_Builder.o)
 .bss           0x0000000000410020        0x0 OpenJADE\out\preamp1\x86\lib\Baf\Baf.lib(Heap.o)
 .bss           0x0000000000410020       0x10 OpenJADE\out\preamp1\x86\lib\Baf\Baf.lib(JFramework.o)
 .bss           0x0000000000410030        0x0 OpenJADE\out\preamp1\x86\lib\Baf\Baf.lib(JModule_Context.o)
 .bss           0x0000000000410030        0x0 OpenJADE\out\preamp1\x86\lib\Baf\Baf.lib(Logger.o)
 .bss           0x0000000000410030        0x0 OpenJADE\out\preamp1\x86\lib\Baf\Baf.lib(Module.o)
 .bss           0x0000000000410030        0x0 OpenJADE\out\preamp1\x86\lib\Baf\Baf.lib(Port.o)
 .bss           0x0000000000410030        0x0 OpenJADE\out\preamp1\x86\lib\Baf\Baf.lib(Ports.o)
 .bss           0x0000000000410030        0x0 OpenJADE\out\preamp1\x86\lib\Baf\Baf.lib(Process.o)
 .bss           0x0000000000410030        0x0 OpenJADE\out\preamp1\x86\lib\Baf\Baf.lib(Process_Context.o)
 .bss           0x0000000000410030        0x8 OpenJADE\out\preamp1\x86\lib\Baf\Baf.lib(Audio_Graph.o)
 .bss           0x0000000000410038        0x4 OpenJADE\out\preamp1\x86\lib\Baf\Baf.lib(BasicAudio_Target.o)
 .bss           0x000000000041003c        0x0 OpenJADE\out\preamp1\x86\lib\Baf\Baf.lib(BasicAudio_Target_BasicAudio0_TOP.o)
 .bss           0x000000000041003c        0x0 OpenJADE\out\preamp1\x86\lib\Baf\Baf.lib(BasicAudio_Target_data.o)
 .bss           0x000000000041003c       0x40 OpenJADE\out\preamp1\x86\lib\Baf\Baf.lib(BasicAudio_Target_StructStaticInit.o)
                0x000000000041003c                BasicAudio_TargetBasicAudioBalanceSetRtcOut
                0x0000000000410050                BasicAudio_TargetBasicAudioMuteSetRtcOut
                0x0000000000410064                BasicAudio_TargetBasicAudioVolumeSetRtcOut
 .bss           0x000000000041007c        0x0 OpenJADE\out\preamp1\x86\lib\Baf\Baf.lib(BasicAudio_Target_TalariaAPI.o)
 .bss           0x000000000041007c        0x0 OpenJADE\out\preamp1\x86\lib\Baf\Baf.lib(BasicAudio_Target_TOP_Access.o)
 .bss           0x000000000041007c        0x4 OpenJADE\out\preamp1\x86\lib\Baf\Baf.lib(BasicAudio_Target_RTC_NTF.o)
 .bss           0x0000000000410080        0x0 OpenJADE\out\preamp1\x86\lib\Baf\Baf.lib(BasicAudio_Target_RTC_REQ_RSP.o)
 .bss           0x0000000000410080        0x0 OpenJADE\out\preamp1\x86\lib\Baf\Baf.lib(BasicAudio_Target_SCH_API.o)
 .bss           0x0000000000410080        0x0 OpenJADE\out\preamp1\x86\lib\Platform\Baf\SIL.lib(oj_platform.o)
 .bss           0x0000000000410080        0x0 C:/MinGW64/mingw64-6.3.0/bin/../lib/gcc/x86_64-w64-mingw32/6.3.0/../../../../x86_64-w64-mingw32/lib/../lib32/libmingw32.a(lib32_libmingw32_a-atonexit.o)
 .bss           0x0000000000410080        0x4 C:/MinGW64/mingw64-6.3.0/bin/../lib/gcc/x86_64-w64-mingw32/6.3.0/../../../../x86_64-w64-mingw32/lib/../lib32/libmingw32.a(lib32_libmingw32_a-gccmain.o)
 .bss           0x0000000000410084        0x0 C:/MinGW64/mingw64-6.3.0/bin/../lib/gcc/x86_64-w64-mingw32/6.3.0/../../../../x86_64-w64-mingw32/lib/../lib32/libmingw32.a(lib32_libmingw32_a-natstart.o)
 .bss           0x0000000000410084        0x0 C:/MinGW64/mingw64-6.3.0/bin/../lib/gcc/x86_64-w64-mingw32/6.3.0/../../../../x86_64-w64-mingw32/lib/../lib32/libmingw32.a(lib32_libmingw32_a-wildcard.o)
 .bss           0x0000000000410084        0x4 C:/MinGW64/mingw64-6.3.0/bin/../lib/gcc/x86_64-w64-mingw32/6.3.0/../../../../x86_64-w64-mingw32/lib/../lib32/libmingw32.a(lib32_libmingw32_a-charmax.o)
                0x0000000000410084                mingw_initcharmax
 .bss           0x0000000000410088        0x0 C:/MinGW64/mingw64-6.3.0/bin/../lib/gcc/x86_64-w64-mingw32/6.3.0/../../../../x86_64-w64-mingw32/lib/../lib32/libmingw32.a(lib32_libmingw32_a-dllargv.o)
 *fill*         0x0000000000410088       0x18 
 .bss           0x00000000004100a0      0x340 C:/MinGW64/mingw64-6.3.0/bin/../lib/gcc/x86_64-w64-mingw32/6.3.0/../../../../x86_64-w64-mingw32/lib/../lib32/libmingw32.a(lib32_libmingw32_a-gs_support.o)
 .bss           0x00000000004103e0        0x4 C:/MinGW64/mingw64-6.3.0/bin/../lib/gcc/x86_64-w64-mingw32/6.3.0/../../../../x86_64-w64-mingw32/lib/../lib32/libmingw32.a(lib32_libmingw32_a-_newmode.o)
                0x00000000004103e0                _newmode
 .bss           0x00000000004103e4       0x10 C:/MinGW64/mingw64-6.3.0/bin/../lib/gcc/x86_64-w64-mingw32/6.3.0/../../../../x86_64-w64-mingw32/lib/../lib32/libmingw32.a(lib32_libmingw32_a-tlssup.o)
                0x00000000004103e4                mingw_initltssuo_force
                0x00000000004103e8                mingw_initltsdyn_force
                0x00000000004103ec                mingw_initltsdrot_force
                0x00000000004103f0                _tls_index
 .bss           0x00000000004103f4        0x0 C:/MinGW64/mingw64-6.3.0/bin/../lib/gcc/x86_64-w64-mingw32/6.3.0/../../../../x86_64-w64-mingw32/lib/../lib32/libmingw32.a(lib32_libmingw32_a-cinitexe.o)
 .bss           0x00000000004103f4        0x4 C:/MinGW64/mingw64-6.3.0/bin/../lib/gcc/x86_64-w64-mingw32/6.3.0/../../../../x86_64-w64-mingw32/lib/../lib32/libmingw32.a(lib32_libmingw32_a-merr.o)
 .bss           0x00000000004103f8        0x0 C:/MinGW64/mingw64-6.3.0/bin/../lib/gcc/x86_64-w64-mingw32/6.3.0/../../../../x86_64-w64-mingw32/lib/../lib32/libmingw32.a(lib32_libmingw32_a-CRT_fp10.o)
 .bss           0x00000000004103f8        0x4 C:/MinGW64/mingw64-6.3.0/bin/../lib/gcc/x86_64-w64-mingw32/6.3.0/../../../../x86_64-w64-mingw32/lib/../lib32/libmingw32.a(lib32_libmingw32_a-mingw_helpers.o)
                0x00000000004103f8                mingw_app_type
 .bss           0x00000000004103fc        0xc C:/MinGW64/mingw64-6.3.0/bin/../lib/gcc/x86_64-w64-mingw32/6.3.0/../../../../x86_64-w64-mingw32/lib/../lib32/libmingw32.a(lib32_libmingw32_a-pseudo-reloc.o)
 .bss           0x0000000000410408        0x4 C:/MinGW64/mingw64-6.3.0/bin/../lib/gcc/x86_64-w64-mingw32/6.3.0/../../../../x86_64-w64-mingw32/lib/../lib32/libmingw32.a(lib32_libmingw32_a-xtxtmode.o)
                0x0000000000410408                _fmode
 .bss           0x000000000041040c        0x4 C:/MinGW64/mingw64-6.3.0/bin/../lib/gcc/x86_64-w64-mingw32/6.3.0/../../../../x86_64-w64-mingw32/lib/../lib32/libmingw32.a(lib32_libmingw32_a-crt_handler.o)
                0x000000000041040c                __mingw_oldexcpt_handler
 .bss           0x0000000000410410       0x20 C:/MinGW64/mingw64-6.3.0/bin/../lib/gcc/x86_64-w64-mingw32/6.3.0/../../../../x86_64-w64-mingw32/lib/../lib32/libmingw32.a(lib32_libmingw32_a-tlsthrd.o)
 .bss           0x0000000000410430        0x0 C:/MinGW64/mingw64-6.3.0/bin/../lib/gcc/x86_64-w64-mingw32/6.3.0/../../../../x86_64-w64-mingw32/lib/../lib32/libmingw32.a(lib32_libmingw32_a-tlsmcrt.o)
 .bss           0x0000000000410430        0x4 C:/MinGW64/mingw64-6.3.0/bin/../lib/gcc/x86_64-w64-mingw32/6.3.0/../../../../x86_64-w64-mingw32/lib/../lib32/libmingw32.a(lib32_libmingw32_a-pseudo-reloc-list.o)
 .bss           0x0000000000410434        0x0 C:/MinGW64/mingw64-6.3.0/bin/../lib/gcc/x86_64-w64-mingw32/6.3.0/../../../../x86_64-w64-mingw32/lib/../lib32/libmingw32.a(lib32_libmingw32_a-pesect.o)
 .bss           0x0000000000410434        0x0 C:/MinGW64/mingw64-6.3.0/bin/../lib/gcc/x86_64-w64-mingw32/6.3.0/32/libgcc.a(_chkstk_ms.o)
 .bss           0x0000000000410434        0x0 C:/MinGW64/mingw64-6.3.0/bin/../lib/gcc/x86_64-w64-mingw32/6.3.0/32/libgcc.a(_ctors.o)
 .bss           0x0000000000410434        0x0 C:/MinGW64/mingw64-6.3.0/bin/../lib/gcc/x86_64-w64-mingw32/6.3.0/../../../../x86_64-w64-mingw32/lib/../lib32/libmingwex.a(lib32_libmingwex_a-ceilf.o)
 .bss           0x0000000000410434        0x0 C:/MinGW64/mingw64-6.3.0/bin/../lib/gcc/x86_64-w64-mingw32/6.3.0/../../../../x86_64-w64-mingw32/lib/../lib32/libmingwex.a(lib32_libmingwex_a-expf.o)
 .bss           0x0000000000410434        0x0 C:/MinGW64/mingw64-6.3.0/bin/../lib/gcc/x86_64-w64-mingw32/6.3.0/../../../../x86_64-w64-mingw32/lib/../lib32/libmingwex.a(lib32_libmingwex_a-fmaxf.o)
 .bss           0x0000000000410434        0x0 C:/MinGW64/mingw64-6.3.0/bin/../lib/gcc/x86_64-w64-mingw32/6.3.0/../../../../x86_64-w64-mingw32/lib/../lib32/libmingwex.a(lib32_libmingwex_a-fminf.o)
 .bss           0x0000000000410434        0x0 C:/MinGW64/mingw64-6.3.0/bin/../lib/gcc/x86_64-w64-mingw32/6.3.0/../../../../x86_64-w64-mingw32/lib/../lib32/libmingwex.a(lib32_libmingwex_a-log10f.o)
 .bss           0x0000000000410434        0x0 C:/MinGW64/mingw64-6.3.0/bin/../lib/gcc/x86_64-w64-mingw32/6.3.0/../../../../x86_64-w64-mingw32/lib/../lib32/libmingwex.a(lib32_libmingwex_a-logf.o)
 .bss           0x0000000000410434        0x0 C:/MinGW64/mingw64-6.3.0/bin/../lib/gcc/x86_64-w64-mingw32/6.3.0/../../../../x86_64-w64-mingw32/lib/../lib32/libmingwex.a(lib32_libmingwex_a-powf.o)
 .bss           0x0000000000410434        0x0 C:/MinGW64/mingw64-6.3.0/bin/../lib/gcc/x86_64-w64-mingw32/6.3.0/../../../../x86_64-w64-mingw32/lib/../lib32/libmingwex.a(lib32_libmingwex_a-roundf.o)
 .bss           0x0000000000410434        0x0 C:/MinGW64/mingw64-6.3.0/bin/../lib/gcc/x86_64-w64-mingw32/6.3.0/../../../../x86_64-w64-mingw32/lib/../lib32/libmingwex.a(lib32_libmingwex_a-sqrtf.o)
 .bss           0x0000000000410434        0x0 C:/MinGW64/mingw64-6.3.0/bin/../lib/gcc/x86_64-w64-mingw32/6.3.0/../../../../x86_64-w64-mingw32/lib/../lib32/libmingwex.a(lib32_libmingwex_a-mingw_matherr.o)
 .bss           0x0000000000410434        0x0 C:/MinGW64/mingw64-6.3.0/bin/../lib/gcc/x86_64-w64-mingw32/6.3.0/../../../../x86_64-w64-mingw32/lib/../lib32/libmingwex.a(lib32_libmingwex_a-exp.o)
 .bss           0x0000000000410434        0x0 C:/MinGW64/mingw64-6.3.0/bin/../lib/gcc/x86_64-w64-mingw32/6.3.0/../../../../x86_64-w64-mingw32/lib/../lib32/libmingwex.a(lib32_libmingwex_a-log.o)
 .bss           0x0000000000410434        0x0 C:/MinGW64/mingw64-6.3.0/bin/../lib/gcc/x86_64-w64-mingw32/6.3.0/../../../../x86_64-w64-mingw32/lib/../lib32/libmingwex.a(lib32_libmingwex_a-pow.o)
 .bss           0x0000000000410434        0x0 C:/MinGW64/mingw64-6.3.0/bin/../lib/gcc/x86_64-w64-mingw32/6.3.0/../../../../x86_64-w64-mingw32/lib/../lib32/libmingwex.a(lib32_libmingwex_a-powi.o)
 .bss           0x0000000000410434        0x0 C:/MinGW64/mingw64-6.3.0/bin/../lib/gcc/x86_64-w64-mingw32/6.3.0/../../../../x86_64-w64-mingw32/lib/../lib32/libmingwex.a(lib32_libmingwex_a-exp2l.o)
 .bss           0x0000000000410434        0x0 C:/MinGW64/mingw64-6.3.0/bin/../lib/gcc/x86_64-w64-mingw32/6.3.0/../../../../x86_64-w64-mingw32/lib/../lib32/libmingwex.a(lib32_libmingwex_a-internal_logl.o)
 .bss           0x0000000000410434        0x0 C:/MinGW64/mingw64-6.3.0/bin/../lib/gcc/x86_64-w64-mingw32/6.3.0/../../../../x86_64-w64-mingw32/lib/../lib32/libmingwex.a(lib32_libmingwex_a-ldexp.o)
 .bss           0x0000000000410434        0x0 C:/MinGW64/mingw64-6.3.0/bin/../lib/gcc/x86_64-w64-mingw32/6.3.0/../../../../x86_64-w64-mingw32/lib/../lib32/libmingwex.a(lib32_libmingwex_a-log2l.o)
 .bss           0x0000000000410434        0x0 C:/MinGW64/mingw64-6.3.0/bin/../lib/gcc/x86_64-w64-mingw32/6.3.0/../../../../x86_64-w64-mingw32/lib/../lib32/libmsvcrt.a(dakes01258.o)
 .bss           0x0000000000410434        0x0 C:/MinGW64/mingw64-6.3.0/bin/../lib/gcc/x86_64-w64-mingw32/6.3.0/../../../../x86_64-w64-mingw32/lib/../lib32/libmsvcrt.a(dakes01254.o)
 .bss           0x0000000000410434        0x0 C:/MinGW64/mingw64-6.3.0/bin/../lib/gcc/x86_64-w64-mingw32/6.3.0/../../../../x86_64-w64-mingw32/lib/../lib32/libmsvcrt.a(dakes01221.o)
 .bss           0x0000000000410434        0x0 C:/MinGW64/mingw64-6.3.0/bin/../lib/gcc/x86_64-w64-mingw32/6.3.0/../../../../x86_64-w64-mingw32/lib/../lib32/libmsvcrt.a(dakes01218.o)
 .bss           0x0000000000410434        0x0 C:/MinGW64/mingw64-6.3.0/bin/../lib/gcc/x86_64-w64-mingw32/6.3.0/../../../../x86_64-w64-mingw32/lib/../lib32/libmsvcrt.a(dakes01200.o)
 .bss           0x0000000000410434        0x0 C:/MinGW64/mingw64-6.3.0/bin/../lib/gcc/x86_64-w64-mingw32/6.3.0/../../../../x86_64-w64-mingw32/lib/../lib32/libmsvcrt.a(dakes01175.o)
 .bss           0x0000000000410434        0x0 C:/MinGW64/mingw64-6.3.0/bin/../lib/gcc/x86_64-w64-mingw32/6.3.0/../../../../x86_64-w64-mingw32/lib/../lib32/libmsvcrt.a(dakes01172.o)
 .bss           0x0000000000410434        0x0 C:/MinGW64/mingw64-6.3.0/bin/../lib/gcc/x86_64-w64-mingw32/6.3.0/../../../../x86_64-w64-mingw32/lib/../lib32/libmsvcrt.a(dakes01164.o)
 .bss           0x0000000000410434        0x0 C:/MinGW64/mingw64-6.3.0/bin/../lib/gcc/x86_64-w64-mingw32/6.3.0/../../../../x86_64-w64-mingw32/lib/../lib32/libmsvcrt.a(dakes01162.o)
 .bss           0x0000000000410434        0x0 C:/MinGW64/mingw64-6.3.0/bin/../lib/gcc/x86_64-w64-mingw32/6.3.0/../../../../x86_64-w64-mingw32/lib/../lib32/libmsvcrt.a(dakes01117.o)
 .bss           0x0000000000410434        0x0 C:/MinGW64/mingw64-6.3.0/bin/../lib/gcc/x86_64-w64-mingw32/6.3.0/../../../../x86_64-w64-mingw32/lib/../lib32/libmsvcrt.a(dakes01105.o)
 .bss           0x0000000000410434        0x0 C:/MinGW64/mingw64-6.3.0/bin/../lib/gcc/x86_64-w64-mingw32/6.3.0/../../../../x86_64-w64-mingw32/lib/../lib32/libmsvcrt.a(dakes01104.o)
 .bss           0x0000000000410434        0x0 C:/MinGW64/mingw64-6.3.0/bin/../lib/gcc/x86_64-w64-mingw32/6.3.0/../../../../x86_64-w64-mingw32/lib/../lib32/libmsvcrt.a(dakes01100.o)
 .bss           0x0000000000410434        0x0 C:/MinGW64/mingw64-6.3.0/bin/../lib/gcc/x86_64-w64-mingw32/6.3.0/../../../../x86_64-w64-mingw32/lib/../lib32/libmsvcrt.a(dakes01098.o)
 .bss           0x0000000000410434        0x0 C:/MinGW64/mingw64-6.3.0/bin/../lib/gcc/x86_64-w64-mingw32/6.3.0/../../../../x86_64-w64-mingw32/lib/../lib32/libmsvcrt.a(dakes01096.o)
 .bss           0x0000000000410434        0x0 C:/MinGW64/mingw64-6.3.0/bin/../lib/gcc/x86_64-w64-mingw32/6.3.0/../../../../x86_64-w64-mingw32/lib/../lib32/libmsvcrt.a(dakes01091.o)
 .bss           0x0000000000410434        0x0 C:/MinGW64/mingw64-6.3.0/bin/../lib/gcc/x86_64-w64-mingw32/6.3.0/../../../../x86_64-w64-mingw32/lib/../lib32/libmsvcrt.a(dakes01086.o)
 .bss           0x0000000000410434        0x0 C:/MinGW64/mingw64-6.3.0/bin/../lib/gcc/x86_64-w64-mingw32/6.3.0/../../../../x86_64-w64-mingw32/lib/../lib32/libmsvcrt.a(dakes01085.o)
 .bss           0x0000000000410434        0x0 C:/MinGW64/mingw64-6.3.0/bin/../lib/gcc/x86_64-w64-mingw32/6.3.0/../../../../x86_64-w64-mingw32/lib/../lib32/libmsvcrt.a(dakes01082.o)
 .bss           0x0000000000410434        0x0 C:/MinGW64/mingw64-6.3.0/bin/../lib/gcc/x86_64-w64-mingw32/6.3.0/../../../../x86_64-w64-mingw32/lib/../lib32/libmsvcrt.a(dakes01071.o)
 .bss           0x0000000000410434        0x0 C:/MinGW64/mingw64-6.3.0/bin/../lib/gcc/x86_64-w64-mingw32/6.3.0/../../../../x86_64-w64-mingw32/lib/../lib32/libmsvcrt.a(dakes01057.o)
 .bss           0x0000000000410434        0x0 C:/MinGW64/mingw64-6.3.0/bin/../lib/gcc/x86_64-w64-mingw32/6.3.0/../../../../x86_64-w64-mingw32/lib/../lib32/libmsvcrt.a(dakes00844.o)
 .bss           0x0000000000410434        0x0 C:/MinGW64/mingw64-6.3.0/bin/../lib/gcc/x86_64-w64-mingw32/6.3.0/../../../../x86_64-w64-mingw32/lib/../lib32/libmsvcrt.a(dakes00629.o)
 .bss           0x0000000000410434        0x0 C:/MinGW64/mingw64-6.3.0/bin/../lib/gcc/x86_64-w64-mingw32/6.3.0/../../../../x86_64-w64-mingw32/lib/../lib32/libmsvcrt.a(dakes00458.o)
 .bss           0x0000000000410434        0x0 C:/MinGW64/mingw64-6.3.0/bin/../lib/gcc/x86_64-w64-mingw32/6.3.0/../../../../x86_64-w64-mingw32/lib/../lib32/libmsvcrt.a(dakes00356.o)
 .bss           0x0000000000410434        0x0 C:/MinGW64/mingw64-6.3.0/bin/../lib/gcc/x86_64-w64-mingw32/6.3.0/../../../../x86_64-w64-mingw32/lib/../lib32/libmsvcrt.a(dakes00352.o)
 .bss           0x0000000000410434        0x0 C:/MinGW64/mingw64-6.3.0/bin/../lib/gcc/x86_64-w64-mingw32/6.3.0/../../../../x86_64-w64-mingw32/lib/../lib32/libmsvcrt.a(dakes00275.o)
 .bss           0x0000000000410434        0x0 C:/MinGW64/mingw64-6.3.0/bin/../lib/gcc/x86_64-w64-mingw32/6.3.0/../../../../x86_64-w64-mingw32/lib/../lib32/libmsvcrt.a(dakes00222.o)
 .bss           0x0000000000410434        0x0 C:/MinGW64/mingw64-6.3.0/bin/../lib/gcc/x86_64-w64-mingw32/6.3.0/../../../../x86_64-w64-mingw32/lib/../lib32/libmsvcrt.a(dakes00161.o)
 .bss           0x0000000000410434        0x0 C:/MinGW64/mingw64-6.3.0/bin/../lib/gcc/x86_64-w64-mingw32/6.3.0/../../../../x86_64-w64-mingw32/lib/../lib32/libmsvcrt.a(dakes00144.o)
 .bss           0x0000000000410434        0x0 C:/MinGW64/mingw64-6.3.0/bin/../lib/gcc/x86_64-w64-mingw32/6.3.0/../../../../x86_64-w64-mingw32/lib/../lib32/libmsvcrt.a(dakes00123.o)
 .bss           0x0000000000410434        0x0 C:/MinGW64/mingw64-6.3.0/bin/../lib/gcc/x86_64-w64-mingw32/6.3.0/../../../../x86_64-w64-mingw32/lib/../lib32/libmsvcrt.a(dakes00107.o)
 .bss           0x0000000000410434        0x0 C:/MinGW64/mingw64-6.3.0/bin/../lib/gcc/x86_64-w64-mingw32/6.3.0/../../../../x86_64-w64-mingw32/lib/../lib32/libmsvcrt.a(dakes00104.o)
 .bss           0x0000000000410434        0x0 C:/MinGW64/mingw64-6.3.0/bin/../lib/gcc/x86_64-w64-mingw32/6.3.0/../../../../x86_64-w64-mingw32/lib/../lib32/libmsvcrt.a(dakes00068.o)
 .bss           0x0000000000410434        0x0 C:/MinGW64/mingw64-6.3.0/bin/../lib/gcc/x86_64-w64-mingw32/6.3.0/../../../../x86_64-w64-mingw32/lib/../lib32/libmsvcrt.a(dakes00059.o)
 .bss           0x0000000000410434        0x0 C:/MinGW64/mingw64-6.3.0/bin/../lib/gcc/x86_64-w64-mingw32/6.3.0/../../../../x86_64-w64-mingw32/lib/../lib32/libmsvcrt.a(dakes00058.o)
 .bss           0x0000000000410434        0x0 C:/MinGW64/mingw64-6.3.0/bin/../lib/gcc/x86_64-w64-mingw32/6.3.0/../../../../x86_64-w64-mingw32/lib/../lib32/libmsvcrt.a(dakes00055.o)
 .bss           0x0000000000410434        0x4 C:/MinGW64/mingw64-6.3.0/bin/../lib/gcc/x86_64-w64-mingw32/6.3.0/../../../../x86_64-w64-mingw32/lib/../lib32/libmsvcrt.a(lib32_libmsvcrt_a-invalid_parameter_handler.o)
 .bss           0x0000000000410438        0x0 C:/MinGW64/mingw64-6.3.0/bin/../lib/gcc/x86_64-w64-mingw32/6.3.0/../../../../x86_64-w64-mingw32/lib/../lib32/libmsvcrt.a(dakeh.o)
 .bss           0x0000000000410438        0x0 C:/MinGW64/mingw64-6.3.0/bin/../lib/gcc/x86_64-w64-mingw32/6.3.0/../../../../x86_64-w64-mingw32/lib/../lib32/libmsvcrt.a(daket.o)
 .bss           0x0000000000410438        0x0 C:/MinGW64/mingw64-6.3.0/bin/../lib/gcc/x86_64-w64-mingw32/6.3.0/../../../../x86_64-w64-mingw32/lib/../lib32/libkernel32.a(dkzds01245.o)
 .bss           0x0000000000410438        0x0 C:/MinGW64/mingw64-6.3.0/bin/../lib/gcc/x86_64-w64-mingw32/6.3.0/../../../../x86_64-w64-mingw32/lib/../lib32/libkernel32.a(dkzds01242.o)
 .bss           0x0000000000410438        0x0 C:/MinGW64/mingw64-6.3.0/bin/../lib/gcc/x86_64-w64-mingw32/6.3.0/../../../../x86_64-w64-mingw32/lib/../lib32/libkernel32.a(dkzds01209.o)
 .bss           0x0000000000410438        0x0 C:/MinGW64/mingw64-6.3.0/bin/../lib/gcc/x86_64-w64-mingw32/6.3.0/../../../../x86_64-w64-mingw32/lib/../lib32/libkernel32.a(dkzds01196.o)
 .bss           0x0000000000410438        0x0 C:/MinGW64/mingw64-6.3.0/bin/../lib/gcc/x86_64-w64-mingw32/6.3.0/../../../../x86_64-w64-mingw32/lib/../lib32/libkernel32.a(dkzds01189.o)
 .bss           0x0000000000410438        0x0 C:/MinGW64/mingw64-6.3.0/bin/../lib/gcc/x86_64-w64-mingw32/6.3.0/../../../../x86_64-w64-mingw32/lib/../lib32/libkernel32.a(dkzds01175.o)
 .bss           0x0000000000410438        0x0 C:/MinGW64/mingw64-6.3.0/bin/../lib/gcc/x86_64-w64-mingw32/6.3.0/../../../../x86_64-w64-mingw32/lib/../lib32/libkernel32.a(dkzds01162.o)
 .bss           0x0000000000410438        0x0 C:/MinGW64/mingw64-6.3.0/bin/../lib/gcc/x86_64-w64-mingw32/6.3.0/../../../../x86_64-w64-mingw32/lib/../lib32/libkernel32.a(dkzds00949.o)
 .bss           0x0000000000410438        0x0 C:/MinGW64/mingw64-6.3.0/bin/../lib/gcc/x86_64-w64-mingw32/6.3.0/../../../../x86_64-w64-mingw32/lib/../lib32/libkernel32.a(dkzds00836.o)
 .bss           0x0000000000410438        0x0 C:/MinGW64/mingw64-6.3.0/bin/../lib/gcc/x86_64-w64-mingw32/6.3.0/../../../../x86_64-w64-mingw32/lib/../lib32/libkernel32.a(dkzds00750.o)
 .bss           0x0000000000410438        0x0 C:/MinGW64/mingw64-6.3.0/bin/../lib/gcc/x86_64-w64-mingw32/6.3.0/../../../../x86_64-w64-mingw32/lib/../lib32/libkernel32.a(dkzds00666.o)
 .bss           0x0000000000410438        0x0 C:/MinGW64/mingw64-6.3.0/bin/../lib/gcc/x86_64-w64-mingw32/6.3.0/../../../../x86_64-w64-mingw32/lib/../lib32/libkernel32.a(dkzds00638.o)
 .bss           0x0000000000410438        0x0 C:/MinGW64/mingw64-6.3.0/bin/../lib/gcc/x86_64-w64-mingw32/6.3.0/../../../../x86_64-w64-mingw32/lib/../lib32/libkernel32.a(dkzds00615.o)
 .bss           0x0000000000410438        0x0 C:/MinGW64/mingw64-6.3.0/bin/../lib/gcc/x86_64-w64-mingw32/6.3.0/../../../../x86_64-w64-mingw32/lib/../lib32/libkernel32.a(dkzds00584.o)
 .bss           0x0000000000410438        0x0 C:/MinGW64/mingw64-6.3.0/bin/../lib/gcc/x86_64-w64-mingw32/6.3.0/../../../../x86_64-w64-mingw32/lib/../lib32/libkernel32.a(dkzds00536.o)
 .bss           0x0000000000410438        0x0 C:/MinGW64/mingw64-6.3.0/bin/../lib/gcc/x86_64-w64-mingw32/6.3.0/../../../../x86_64-w64-mingw32/lib/../lib32/libkernel32.a(dkzds00518.o)